###############################################################################
#
# IAR ELF Linker V3.11.1.207 for STM8                     27/May/2023  15:05:36
# Copyright 2010-2019 IAR Systems AB.
#
#    Output file  =  
#        C:\Users\RSolovyov\Documents\Iar_prjct\ADC_HX711_STM8\Debug\Exe\first.out
#    Map file     =  
#        C:\Users\RSolovyov\Documents\Iar_prjct\ADC_HX711_STM8\Debug\List\first.map
#    Command line =  
#        -f C:\Users\RSOLOV~1\AppData\Local\Temp\EW9E0F.tmp
#        (C:\Users\RSolovyov\Documents\Iar_prjct\ADC_HX711_STM8\Debug\Obj\ADC_HX711.o
#        C:\Users\RSolovyov\Documents\Iar_prjct\ADC_HX711_STM8\Debug\Obj\DS18B20.o
#        C:\Users\RSolovyov\Documents\Iar_prjct\ADC_HX711_STM8\Debug\Obj\Flash.o
#        C:\Users\RSolovyov\Documents\Iar_prjct\ADC_HX711_STM8\Debug\Obj\Init_stm.o
#        C:\Users\RSolovyov\Documents\Iar_prjct\ADC_HX711_STM8\Debug\Obj\main.o
#        C:\Users\RSolovyov\Documents\Iar_prjct\ADC_HX711_STM8\Debug\Obj\Uart.o
#        --redirect _Printf=_PrintfFullNoMb --redirect _Scanf=_ScanfFullNoMb
#        --no_out_extension -o
#        C:\Users\RSolovyov\Documents\Iar_prjct\ADC_HX711_STM8\Debug\Exe\first.out
#        --map
#        C:\Users\RSolovyov\Documents\Iar_prjct\ADC_HX711_STM8\Debug\List\first.map
#        --config "C:\Program Files (x86)\IAR Systems\Embedded Workbench
#        8.3\stm8\config\lnkstm8s103f3.icf" --config_def _CSTACK_SIZE=0x100
#        --config_def _HEAP_SIZE=0x100 --entry __iar_program_start --debug_lib)
#
###############################################################################

*******************************************************************************
*** RUNTIME MODEL ATTRIBUTES
***

__SystemLibrary            = DLib
__code_model               = small
__core                     = stm8
__data_model               = medium
__dlib_file_descriptor     = 0
__dlib_full_locale_support = 0
__rt_version               = 4


*******************************************************************************
*** PLACEMENT SUMMARY
***

"A0":  place at start of [0x000000-0x0000ff] { rw section .vregs };
"A1":  place at end of [0x000000-0x0003ff] { block CSTACK };
"P2":  place in [from 0x000000 to 0x0003ff] {
          block HEAP, rw section __DLIB_PERTHREAD, rw section .far.bss,
          rw section .far.data, rw section .far.noinit,
          rw section .far_func.textrw, rw section .huge.bss,
          rw section .huge.data, rw section .huge.noinit,
          rw section .huge_func.textrw, rw section .iar.dynexit,
          rw section .near.bss, rw section .near.data, rw section .near.noinit,
          rw section .near_func.textrw };
"A2":  place at start of [0x008000-0x009fff] { block INTVEC };
"P3":  place in [from 0x008000 to 0x009fff] {
          ro section __DLIB_PERTHREAD_init, ro section .far.data_init,
          ro section .far_func.textrw_init, ro section .huge.data_init,
          ro section .huge_func.textrw_init, ro section .iar.init_table,
          ro section .init_array, ro section .near.data_init,
          ro section .near.rodata, ro section .near_func.text,
          ro section .near_func.textrw_init, ro section .tiny.data_init,
          ro section .tiny.rodata_init };
"P4":  place in [from 0x008000 to 0x009fff] {
          ro section .far.rodata, ro section .far_func.text };
"P5":  place in [from 0x008000 to 0x009fff] {
          ro section .huge.rodata, ro section .huge_func.text };
do not initialize {
   rw section .eeprom.noinit, rw section .far.noinit, rw section .huge.noinit,
   rw section .near.noinit, rw section .tiny.noinit, rw section .vregs };
initialize by copy {
   rw section .far.bss, rw section .far.data, rw section .far_func.textrw,
   rw section .huge.bss, rw section .huge.data, rw section .huge_func.textrw,
   rw section .iar.dynexit, rw section .near.bss, rw section .near.data,
   rw section .near_func.textrw, rw section .tiny.bss, rw section .tiny.data,
   ro section .tiny.rodata };

No sections matched the following patterns:

  ro section .far.data_init          in "P3-P5"
  ro section .far.rodata             in "P3-P5"
  ro section .far_func.text          in "P3-P5"
  ro section .far_func.textrw_init   in "P3-P5"
  ro section .huge.data_init         in "P3-P5"
  ro section .huge.rodata            in "P3-P5"
  ro section .huge_func.text         in "P3-P5"
  ro section .huge_func.textrw_init  in "P3-P5"
  ro section .iar.init_table         in "P3-P5"
  ro section .init_array             in "P3-P5"
  ro section .near.rodata            in "P3-P5"
  ro section .near_func.textrw_init  in "P3-P5"
  ro section .tiny.data_init         in "P3-P5"
  ro section .tiny.rodata_init       in "P3-P5"
  ro section __DLIB_PERTHREAD_init   in "P3-P5"
  rw section .far.bss                in "P2"
  rw section .far.data               in "P2"
  rw section .far.noinit             in "P2"
  rw section .far_func.textrw        in "P2"
  rw section .huge.bss               in "P2"
  rw section .huge.data              in "P2"
  rw section .huge.noinit            in "P2"
  rw section .huge_func.textrw       in "P2"
  rw section .iar.dynexit            in "P2"
  rw section .near.noinit            in "P2"
  rw section .near_func.textrw       in "P2"
  rw section .tiny.bss               in "P1"
  rw section .tiny.data              in "P1"
  rw section .tiny.noinit            in "P1"
  rw section .tiny.rodata            in "P1"
  rw section __DLIB_PERTHREAD        in "P2"
  section .eeprom.data               in "P6-P8"
  section .eeprom.noinit             in "P6-P8"
  section .eeprom.rodata             in "P6-P8"


  Section            Kind      Address    Size  Object
  -------            ----      -------    ----  ------
"A0":                                     0x10
  .vregs             uninit   0x000000    0x10  vregs.o [4]
                            - 0x000010    0x10

"P2", part 1 of 2:                        0x16
  P2-1                        0x000010    0x16  <Init block>
    .near.data       inited   0x000010     0x2  Flash.o [1]
    .near.data       inited   0x000012    0x14  Flash.o [1]
                            - 0x000026    0x16

"P2", part 2 of 2:                        0x4b
  .near.bss          zero     0x000026    0x14  Uart.o [1]
  .near.bss          zero     0x00003a    0x14  Uart.o [1]
  .near.bss          zero     0x00004e     0x4  ADC_HX711.o [1]
  .near.bss          zero     0x000052     0x4  ADC_HX711.o [1]
  .near.bss          zero     0x000056     0x4  ADC_HX711.o [1]
  .near.bss          zero     0x00005a     0x4  ADC_HX711.o [1]
  .near.bss          zero     0x00005e     0x4  main.o [1]
  .near.bss          zero     0x000062     0x2  main.o [1]
  .near.bss          zero     0x000064     0x1  ADC_HX711.o [1]
  .near.bss          zero     0x000065     0x1  ADC_HX711.o [1]
  .near.bss          zero     0x000066     0x1  DS18B20.o [1]
  .near.bss          zero     0x000067     0x1  DS18B20.o [1]
  .near.bss          zero     0x000068     0x1  main.o [1]
  .near.bss          zero     0x000069     0x1  main.o [1]
  .near.bss          zero     0x00006a     0x1  main.o [1]
  .near.bss          zero     0x00006b     0x1  main.o [1]
  .near.bss          zero     0x00006c     0x1  main.o [1]
  .near.bss          zero     0x00006d     0x1  Uart.o [1]
  .near.bss          zero     0x00006e     0x1  Uart.o [1]
  .near.bss          zero     0x00006f     0x1  Uart.o [1]
  .near.bss          zero     0x000070     0x1  Uart.o [1]
                            - 0x000071    0x4b

"A1":                                    0x100
  CSTACK                      0x000300   0x100  <Block>
    CSTACK           uninit   0x000300   0x100  <Block tail>
                            - 0x000400   0x100

Absolute sections, part 1 of 16:           0x2
  .near.noinit       uninit   0x005002     0x1  Uart.o [1]
  .near.noinit       uninit   0x005003     0x1  Uart.o [1]
                            - 0x005004     0x2

Absolute sections, part 2 of 16:           0xa
  .near.noinit       uninit   0x00500a     0x1  main.o [1]
  .near.noinit       uninit   0x00500b     0x1  main.o [1]
  .near.noinit       uninit   0x00500c     0x1  Init_stm.o [1]
  .near.noinit       uninit   0x00500d     0x1  Init_stm.o [1]
  .near.noinit       uninit   0x00500e     0x1  Init_stm.o [1]
  .near.noinit       uninit   0x00500f     0x1  main.o [1]
  .near.noinit       uninit   0x005010     0x1  DS18B20.o [1]
  .near.noinit       uninit   0x005011     0x1  Uart.o [1]
  .near.noinit       uninit   0x005012     0x1  Uart.o [1]
  .near.noinit       uninit   0x005013     0x1  Init_stm.o [1]
                            - 0x005014     0xa

Absolute sections, part 3 of 16:           0x1
  .near.noinit       uninit   0x00505f     0x1  Flash.o [1]
                            - 0x005060     0x1

Absolute sections, part 4 of 16:           0x1
  .near.noinit       uninit   0x005064     0x1  Flash.o [1]
                            - 0x005065     0x1

Absolute sections, part 5 of 16:           0x1
  .near.noinit       uninit   0x0050a0     0x1  ADC_HX711.o [1]
                            - 0x0050a1     0x1

Absolute sections, part 6 of 16:           0x2
  .near.noinit       uninit   0x0050c6     0x1  Init_stm.o [1]
  .near.noinit       uninit   0x0050c7     0x1  Init_stm.o [1]
                            - 0x0050c8     0x2

Absolute sections, part 7 of 16:           0x1
  .near.noinit       uninit   0x0050f3     0x1  Init_stm.o [1]
                            - 0x0050f4     0x1

Absolute sections, part 8 of 16:           0x5
  .near.noinit       uninit   0x005200     0x1  ADC_HX711.o [1]
  .near.noinit       uninit   0x005201     0x1  ADC_HX711.o [1]
  .near.noinit       uninit   0x005202     0x1  ADC_HX711.o [1]
  .near.noinit       uninit   0x005203     0x1  ADC_HX711.o [1]
  .near.noinit       uninit   0x005204     0x1  ADC_HX711.o [1]
                            - 0x005205     0x5

Absolute sections, part 9 of 16:           0x4
  .near.noinit       uninit   0x005230     0x1  Uart.o [1]
  .near.noinit       uninit   0x005231     0x1  Uart.o [1]
  .near.noinit       uninit   0x005232     0x1  Uart.o [1]
  .near.noinit       uninit   0x005233     0x1  Uart.o [1]
                            - 0x005234     0x4

Absolute sections, part 10 of 16:          0x1
  .near.noinit       uninit   0x005235     0x1  Uart.o [1]
                            - 0x005236     0x1

Absolute sections, part 11 of 16:          0x1
  .near.noinit       uninit   0x005250     0x1  Init_stm.o [1]
                            - 0x005251     0x1

Absolute sections, part 12 of 16:          0x2
  .near.noinit       uninit   0x005254     0x1  Init_stm.o [1]
  .near.noinit       uninit   0x005255     0x1  main.o [1]
                            - 0x005256     0x2

Absolute sections, part 13 of 16:          0x4
  .near.noinit       uninit   0x005260     0x1  Init_stm.o [1]
  .near.noinit       uninit   0x005261     0x1  Init_stm.o [1]
  .near.noinit       uninit   0x005262     0x1  Init_stm.o [1]
  .near.noinit       uninit   0x005263     0x1  Init_stm.o [1]
                            - 0x005264     0x4

Absolute sections, part 14 of 16:          0x1
  .near.noinit       uninit   0x005300     0x1  Init_stm.o [1]
                            - 0x005301     0x1

Absolute sections, part 15 of 16:          0x2
  .near.noinit       uninit   0x005303     0x1  main.o [1]
  .near.noinit       uninit   0x005304     0x1  main.o [1]
                            - 0x005305     0x2

Absolute sections, part 16 of 16:          0x5
  .near.noinit       uninit   0x00530c     0x1  main.o [1]
  .near.noinit       uninit   0x00530d     0x1  main.o [1]
  .near.noinit       uninit   0x00530e     0x1  Init_stm.o [1]
  .near.noinit       uninit   0x00530f     0x1  main.o [1]
  .near.noinit       uninit   0x005310     0x1  main.o [1]
                            - 0x005311     0x5

"A2":                                     0x80
  INTVEC                      0x008000    0x80  <Block>
    .intvec          const    0x008000    0x80  interrupt.o [4]
                            - 0x008080    0x80

"P3-P5":                                0x141a
  .near_func.text    ro code  0x008080   0x2fd  float.o [4]
  .near_func.text    ro code  0x00837d   0x202  long.o [4]
  .near_func.text    ro code  0x00857f   0x177  main.o [1]
  .near_func.text    ro code  0x0086f6   0x140  main.o [1]
  .near_func.text    ro code  0x008836   0x122  main.o [1]
  .near_func.text    ro code  0x008958   0x10c  main.o [1]
  .near_func.text    ro code  0x008a64    0xdf  vreg_util.o [4]
  .near_func.text    ro code  0x008b43    0xb3  main.o [1]
  .near_func.text    ro code  0x008bf6    0x9a  Flash.o [1]
  .near_func.text    ro code  0x008c90    0x92  DS18B20.o [1]
  .near_func.text    ro code  0x008d22    0x7e  ADC_HX711.o [1]
  .near_func.text    ro code  0x008da0    0x6b  Flash.o [1]
  .near_func.text    ro code  0x008e0b    0x6b  main.o [1]
  .near_func.text    ro code  0x008e76    0x63  long_util.o [4]
  .near_func.text    ro code  0x008ed9    0x4c  DS18B20.o [1]
  .near_func.text    ro code  0x008f25    0x4b  Flash.o [1]
  .near_func.text    ro code  0x008f70    0x4b  main.o [1]
  .near_func.text    ro code  0x008fbb    0x49  main.o [1]
  .near_func.text    ro code  0x009004    0x48  main.o [1]
  .near_func.text    ro code  0x00904c    0x48  Uart.o [1]
  .near_func.text    ro code  0x009094    0x47  short.o [4]
  .near_func.text    ro code  0x0090db    0x37  DS18B20.o [1]
  .near_func.text    ro code  0x009112    0x34  char.o [4]
  .near_func.text    ro code  0x009146    0x32  main.o [1]
  .near_func.text    ro code  0x009178    0x31  Uart.o [1]
  .near_func.text    ro code  0x0091a9    0x2e  ADC_HX711.o [1]
  .near_func.text    ro code  0x0091d7    0x2c  ADC_HX711.o [1]
  .near_func.text    ro code  0x009203    0x2c  ADC_HX711.o [1]
  .near_func.text    ro code  0x00922f    0x2c  Uart.o [1]
  .near_func.text    ro code  0x00925b    0x28  Uart.o [1]
  .near_func.text    ro code  0x009283    0x28  init_small.o [4]
  .near_func.text    ro code  0x0092ab    0x23  ADC_HX711.o [1]
  .iar.init_table    const    0x0092ce    0x12  - Linker created -
  .near_func.text    ro code  0x0092e0    0x1e  init_small.o [4]
  .near_func.text    ro code  0x0092fe    0x1d  DS18B20.o [1]
  .near_func.text    ro code  0x00931b    0x1d  Init_stm.o [1]
  .near_func.text    ro code  0x009338    0x1d  Init_stm.o [1]
  .near_func.text    ro code  0x009355    0x19  Init_stm.o [1]
  .near_func.text    ro code  0x00936e    0x17  ADC_HX711.o [1]
  Initializer bytes  const    0x009385    0x16  <for P2-1>
  .near_func.text    ro code  0x00939b    0x15  Init_stm.o [1]
  .near_func.text    ro code  0x0093b0    0x14  init.o [4]
  .near_func.text    ro code  0x0093c4    0x14  __dbg_xxexit.o [3]
  .near_func.text    ro code  0x0093d8    0x13  cstartup.o [4]
  .near_func.text    ro code  0x0093eb    0x10  Flash.o [1]
  .near_func.text    ro code  0x0093fb     0xd  ADC_HX711.o [1]
  .near_func.text    ro code  0x009408     0xd  ADC_HX711.o [1]
  .near_func.text    ro code  0x009415     0xd  Flash.o [1]
  .near_func.text    ro code  0x009422     0xd  Flash.o [1]
  .near_func.text    ro code  0x00942f     0xd  Init_stm.o [1]
  .near_func.text    ro code  0x00943c     0xd  Init_stm.o [1]
  .near_func.text    ro code  0x009449     0xd  dc_util.o [4]
  .near_func.text    ro code  0x009456     0xc  ADC_HX711.o [1]
  .near_func.text    ro code  0x009462     0xb  abs.o [4]
  .near_func.text    ro code  0x00946d     0x9  ADC_HX711.o [1]
  .near_func.text    ro code  0x009476     0x9  ADC_HX711.o [1]
  .near_func.text    ro code  0x00947f     0x9  Flash.o [1]
  .near_func.text    ro code  0x009488     0x5  cexit.o [4]
  .near_func.text    ro code  0x00948d     0x3  interrupt.o [4]
  .near_func.text    ro code  0x009490     0x3  low_level_init.o [4]
  .near_func.text    ro code  0x009493     0x3  exit.o [4]
  .near_func.text    ro code  0x009496     0x3  unhandled_exception.o [4]
  .near_func.text    ro code  0x009499     0x1  __dbg_break.o [3]
                            - 0x00949a  0x141a


*******************************************************************************
*** INIT TABLE
***

          Address   Size
          -------   ----
Zero (__iar_zero_init2)
    1 destination range, total size 0x4b:
          0x000026  0x4b

Copy (__iar_copy_init2)
    1 source range, total size 0x16:
          0x009385  0x16
    1 destination range, total size 0x16:
          0x000010  0x16



*******************************************************************************
*** MODULE SUMMARY
***

    Module                 ro code  ro data  rw data  rw data
                                                       (abs)
    ------                 -------  -------  -------  -------
C:\Users\RSolovyov\Documents\Iar_prjct\ADC_HX711_STM8\Debug\Obj: [1]
    ADC_HX711.o                374                18        6
    DS18B20.o                  306                 2        1
    Flash.o                    387       22       22        2
    Init_stm.o                 130                         15
    Uart.o                     205                44        9
    main.o                   1 809                11       10
    ---------------------------------------------------------
    Total:                   3 211       22       97       43

command line: [2]
    ---------------------------------------------------------
    Total:

dbgstm8smd.a: [3]
    __dbg_break.o                1
    __dbg_xxexit.o              20
    ---------------------------------------------------------
    Total:                      21

dlstm8smn.a: [4]
    abs.o                       11
    cexit.o                      5
    char.o                      52
    cstartup.o                  19
    dc_util.o                   13
    exit.o                       3
    float.o                    765
    init.o                      20
    init_small.o                70
    interrupt.o                  3      128
    long.o                     514
    long_util.o                 99
    low_level_init.o             3
    short.o                     71
    unhandled_exception.o        3
    vreg_util.o                223
    vregs.o                                       16
    ---------------------------------------------------------
    Total:                   1 874      128       16

    Linker created                       18      256
-------------------------------------------------------------
    Grand Total:             5 106      168      369       43


*******************************************************************************
*** ENTRY LIST
***

Entry                    Address   Size  Type      Object
-----                    -------   ----  ----      ------
.iar.init_table$$Base   0x0092ce          --   Gb  - Linker created -
.iar.init_table$$Limit  0x0092e0          --   Gb  - Linker created -
?add32_l0_l0_0x         0x0083a9         Code  Gb  long.o [4]
?add32_l0_l0_l1         0x0083a6         Code  Gb  long.o [4]
?b0                     0x000000         Data  Gb  vregs.o [4]
?b1                     0x000001         Data  Gb  vregs.o [4]
?b10                    0x00000a         Data  Gb  vregs.o [4]
?b11                    0x00000b         Data  Gb  vregs.o [4]
?b12                    0x00000c         Data  Gb  vregs.o [4]
?b13                    0x00000d         Data  Gb  vregs.o [4]
?b14                    0x00000e         Data  Gb  vregs.o [4]
?b15                    0x00000f         Data  Gb  vregs.o [4]
?b2                     0x000002         Data  Gb  vregs.o [4]
?b3                     0x000003         Data  Gb  vregs.o [4]
?b4                     0x000004         Data  Gb  vregs.o [4]
?b5                     0x000005         Data  Gb  vregs.o [4]
?b6                     0x000006         Data  Gb  vregs.o [4]
?b7                     0x000007         Data  Gb  vregs.o [4]
?b8                     0x000008         Data  Gb  vregs.o [4]
?b9                     0x000009         Data  Gb  vregs.o [4]
?dc32_l1                0x009449         Code  Gb  dc_util.o [4]
?dec32_0x_0x            0x008392         Code  Gb  long.o [4]
?dec32_l0_l0            0x00838d         Code  Gb  long.o [4]
?e0                     0x000001         Data  Gb  vregs.o [4]
?e1                     0x000005         Data  Gb  vregs.o [4]
?e2                     0x000009         Data  Gb  vregs.o [4]
?e3                     0x00000d         Data  Gb  vregs.o [4]
?epilogue_l2            0x008ae4         Code  Gb  vreg_util.o [4]
?epilogue_l2_l3         0x008ae1         Code  Gb  vreg_util.o [4]
?fcastf32s32_l0_l0      0x00822d         Code  Gb  float.o [4]
?fcasts32f32_l0_l0      0x0081cc         Code  Gb  float.o [4]
?fdiv32_l0_l0_l1        0x00811e         Code  Gb  float.o [4]
?fmul32_l0_l0_0x        0x008080         Code  Gb  float.o [4]
?fmul32_l0_l0_l1        0x008083         Code  Gb  float.o [4]
?l0                     0x000000         Data  Gb  vregs.o [4]
?l1                     0x000004         Data  Gb  vregs.o [4]
?l2                     0x000008         Data  Gb  vregs.o [4]
?l3                     0x00000c         Data  Gb  vregs.o [4]
?load32_0x_l0           0x008ecb         Code  Gb  long_util.o [4]
?load32_asp_l0          0x008ebf         Code  Gb  long_util.o [4]
?load32_dbsp_l0         0x008eba         Code  Gb  long_util.o [4]
?load32_l0_0x           0x008e86         Code  Gb  long_util.o [4]
?load32_l0_asp          0x008e7b         Code  Gb  long_util.o [4]
?load32_l0_dbsp         0x008e76         Code  Gb  long_util.o [4]
?load32_l0_xsp          0x008e7d         Code  Gb  long_util.o [4]
?load32_l1_0x           0x008e92         Code  Gb  long_util.o [4]
?load32_l2_0x           0x008eae         Code  Gb  long_util.o [4]
?load32_l2_asp          0x008ea3         Code  Gb  long_util.o [4]
?load32_l2_dbsp         0x008e9e         Code  Gb  long_util.o [4]
?load32_l2_xsp          0x008ea5         Code  Gb  long_util.o [4]
?load32_xsp_l0          0x008ec1         Code  Gb  long_util.o [4]
?mov_e0_e1              0x008aeb         Code  Gb  vreg_util.o [4]
?mov_e0_e2              0x008af8         Code  Gb  vreg_util.o [4]
?mov_e1_e0              0x008b05         Code  Gb  vreg_util.o [4]
?mov_e1_e2              0x008b12         Code  Gb  vreg_util.o [4]
?mov_e1_e3              0x008b1f         Code  Gb  vreg_util.o [4]
?mov_e2_e0              0x008b2c         Code  Gb  vreg_util.o [4]
?mov_e3_e1              0x008b39         Code  Gb  vreg_util.o [4]
?mov_l0_l1              0x008ae8         Code  Gb  vreg_util.o [4]
?mov_l0_l2              0x008af5         Code  Gb  vreg_util.o [4]
?mov_l1_l0              0x008b02         Code  Gb  vreg_util.o [4]
?mov_l1_l2              0x008b0f         Code  Gb  vreg_util.o [4]
?mov_l1_l3              0x008b1c         Code  Gb  vreg_util.o [4]
?mov_l2_l0              0x008b29         Code  Gb  vreg_util.o [4]
?mov_l3_l1              0x008b36         Code  Gb  vreg_util.o [4]
?mov_w1_w3              0x008aee         Code  Gb  vreg_util.o [4]
?mov_w1_w5              0x008afb         Code  Gb  vreg_util.o [4]
?mov_w3_w1              0x008b08         Code  Gb  vreg_util.o [4]
?mov_w3_w5              0x008b15         Code  Gb  vreg_util.o [4]
?mov_w3_w7              0x008b22         Code  Gb  vreg_util.o [4]
?mov_w5_w1              0x008b2f         Code  Gb  vreg_util.o [4]
?mov_w7_w3              0x008b3c         Code  Gb  vreg_util.o [4]
?mul16_x_x_w0           0x009094         Code  Gb  short.o [4]
?mul32_l0_l0_l1         0x0083dc         Code  Gb  long.o [4]
?neg32_l0_l0            0x00837d         Code  Gb  long.o [4]
?or32_l0_l0_0x          0x008533         Code  Gb  long.o [4]
?or32_l0_l0_l1          0x008530         Code  Gb  long.o [4]
?pop_l0                 0x008aad         Code  Gb  vreg_util.o [4]
?pop_l1                 0x008ab8         Code  Gb  vreg_util.o [4]
?pop_l2                 0x008ac3         Code  Gb  vreg_util.o [4]
?pop_l3                 0x008ace         Code  Gb  vreg_util.o [4]
?push_l0                0x008a7c         Code  Gb  vreg_util.o [4]
?push_l1                0x008a81         Code  Gb  vreg_util.o [4]
?push_l2                0x008a86         Code  Gb  vreg_util.o [4]
?push_l3                0x008a8b         Code  Gb  vreg_util.o [4]
?push_w4                0x008a64         Code  Gb  vreg_util.o [4]
?scmp32_c_l0_0x         0x008510         Code  Gb  long.o [4]
?scmp32_c_l0_l1         0x008519         Code  Gb  long.o [4]
?sdiv16_x_x_y           0x0090b2         Code  Gb  short.o [4]
?sdiv32_l0_l0_dl        0x0084c7         Code  Gb  long.o [4]
?sdiv32_l0_l0_l1        0x0084ca         Code  Gb  long.o [4]
?sdiv8_xl_a_b0          0x009112         Code  Gb  char.o [4]
?sext32_l0_x            0x008574         Code  Gb  long.o [4]
?sll32_0x_0x_a          0x008566         Code  Gb  long.o [4]
?sll32_l0_l0_a          0x008563         Code  Gb  long.o [4]
?smod16_y_x_y           0x0090cb         Code  Gb  short.o [4]
?smod32_l1_l0_l1        0x0084ca         Code  Gb  long.o [4]
?smod8_a_b0_a           0x00912c         Code  Gb  char.o [4]
?srl8_a_a_5             0x009141         Code  Gb  char.o [4]
?srl8_a_a_6             0x009140         Code  Gb  char.o [4]
?sub32_l0_l0_0x         0x0083c4         Code  Gb  long.o [4]
?sub32_l0_l0_l1         0x0083c1         Code  Gb  long.o [4]
?udiv32_l0_l0_l1        0x00845a         Code  Gb  long.o [4]
?umod32_l1_l0_l1        0x00845a         Code  Gb  long.o [4]
?w0                     0x000000         Data  Gb  vregs.o [4]
?w1                     0x000002         Data  Gb  vregs.o [4]
?w2                     0x000004         Data  Gb  vregs.o [4]
?w3                     0x000006         Data  Gb  vregs.o [4]
?w4                     0x000008         Data  Gb  vregs.o [4]
?w5                     0x00000a         Data  Gb  vregs.o [4]
?w6                     0x00000c         Data  Gb  vregs.o [4]
?w7                     0x00000e         Data  Gb  vregs.o [4]
?xor32_l0_l0_0x         0x00854b         Code  Gb  long.o [4]
ADC_pin_automat         0x009408    0xd  Code  Gb  ADC_HX711.o [1]
ADC_pin_init            0x0092ab   0x23  Code  Gb  ADC_HX711.o [1]
ADC_pin_manual          0x0093fb    0xd  Code  Gb  ADC_HX711.o [1]
CLK_PCKENR1             0x0050c7    0x1  Data  Gb  Init_stm.o [1]
CSTACK$$Base            0x000300          --   Gb  - Linker created -
CSTACK$$Limit           0x000400          --   Gb  - Linker created -
DS18B20_flag            0x000067    0x1  Data  Gb  DS18B20.o [1]
EXTI2_Handler           0x0091a9   0x2e  Code  Gb  ADC_HX711.o [1]
FLASH_DUKR              0x005064    0x1  Data  Gb  Flash.o [1]
INTVEC$$Base            0x008000          --   Gb  - Linker created -
INTVEC$$Limit           0x008080          --   Gb  - Linker created -
Region$$Table$$Base     0x0092ce          --   Gb  - Linker created -
Region$$Table$$Limit    0x0092e0          --   Gb  - Linker created -
SPI_DR                  0x005204    0x1  Data  Gb  ADC_HX711.o [1]
SPI_RXNE_Handler        0x008d22   0x7e  Code  Gb  ADC_HX711.o [1]
TIM1_ARRH               0x005262    0x1  Data  Gb  Init_stm.o [1]
TIM1_ARRL               0x005263    0x1  Data  Gb  Init_stm.o [1]
TIM1_OVR_UIF_Handler    0x008e0b   0x6b  Code  Gb  main.o [1]
TIM1_PSCRH              0x005260    0x1  Data  Gb  Init_stm.o [1]
TIM1_PSCRL              0x005261    0x1  Data  Gb  Init_stm.o [1]
TIM2_ARRH               0x00530f    0x1  Data  Gb  main.o [1]
TIM2_ARRL               0x005310    0x1  Data  Gb  main.o [1]
TIM2_CNTRH              0x00530c    0x1  Data  Gb  main.o [1]
TIM2_CNTRL              0x00530d    0x1  Data  Gb  main.o [1]
TIM2_OVR_UIF_Handler    0x009004   0x48  Code  Gb  main.o [1]
UART1_BRR1              0x005232    0x1  Data  Gb  Uart.o [1]
UART1_BRR2              0x005233    0x1  Data  Gb  Uart.o [1]
UART1_DR                0x005231    0x1  Data  Gb  Uart.o [1]
UART1_R_RXNE_Handler    0x00904c   0x48  Code  Gb  Uart.o [1]
UART1_T_TXE_Handler     0x00925b   0x28  Code  Gb  Uart.o [1]
_A_BEEP_CSR             0x0050f3    0x1  Data  Gb  Init_stm.o [1]
_A_CLK_CKDIVR           0x0050c6    0x1  Data  Gb  Init_stm.o [1]
_A_EXTI_CR1             0x0050a0    0x1  Data  Gb  ADC_HX711.o [1]
_A_FLASH_IAPSR          0x00505f    0x1  Data  Gb  Flash.o [1]
_A_PA_CR1               0x005003    0x1  Data  Gb  Uart.o [1]
_A_PA_DDR               0x005002    0x1  Data  Gb  Uart.o [1]
_A_PC_CR1               0x00500d    0x1  Data  Gb  Init_stm.o [1]
_A_PC_CR2               0x00500e    0x1  Data  Gb  Init_stm.o [1]
_A_PC_DDR               0x00500c    0x1  Data  Gb  Init_stm.o [1]
_A_PC_IDR               0x00500b    0x1  Data  Gb  main.o [1]
_A_PC_ODR               0x00500a    0x1  Data  Gb  main.o [1]
_A_PD_CR1               0x005012    0x1  Data  Gb  Uart.o [1]
_A_PD_CR2               0x005013    0x1  Data  Gb  Init_stm.o [1]
_A_PD_DDR               0x005011    0x1  Data  Gb  Uart.o [1]
_A_PD_IDR               0x005010    0x1  Data  Gb  DS18B20.o [1]
_A_PD_ODR               0x00500f    0x1  Data  Gb  main.o [1]
_A_SPI_CR1              0x005200    0x1  Data  Gb  ADC_HX711.o [1]
_A_SPI_CR2              0x005201    0x1  Data  Gb  ADC_HX711.o [1]
_A_SPI_ICR              0x005202    0x1  Data  Gb  ADC_HX711.o [1]
_A_SPI_SR               0x005203    0x1  Data  Gb  ADC_HX711.o [1]
_A_TIM1_CR1             0x005250    0x1  Data  Gb  Init_stm.o [1]
_A_TIM1_IER             0x005254    0x1  Data  Gb  Init_stm.o [1]
_A_TIM1_SR1             0x005255    0x1  Data  Gb  main.o [1]
_A_TIM2_CR1             0x005300    0x1  Data  Gb  Init_stm.o [1]
_A_TIM2_IER             0x005303    0x1  Data  Gb  main.o [1]
_A_TIM2_PSCR            0x00530e    0x1  Data  Gb  Init_stm.o [1]
_A_TIM2_SR1             0x005304    0x1  Data  Gb  main.o [1]
_A_UART1_CR2            0x005235    0x1  Data  Gb  Uart.o [1]
_A_UART1_SR             0x005230    0x1  Data  Gb  Uart.o [1]
__DebugBreak            0x009499    0x1  Code  Gb  __dbg_break.o [3]
__exit                  0x0093c4   0x14  Code  Gb  __dbg_xxexit.o [3]
__iar_copy_init2        0x009283         Code  Gb  init_small.o [4]
__iar_data_init2        0x0093b0   0x14  Code  Gb  init.o [4]
__iar_program_start     0x0093d8         Code  Gb  cstartup.o [4]
__iar_unhandled_exception
                        0x009496         Code  Gb  unhandled_exception.o [4]
__iar_zero_init2        0x0092e0         Code  Gb  init_small.o [4]
__intvec                0x008000         Data  Gb  interrupt.o [4]
__low_level_init        0x009490    0x3  Code  Gb  low_level_init.o [4]
_exit                   0x009488         Code  Gb  cexit.o [4]
_interrupt_12           0x008d22         Code  Gb  ADC_HX711.o [1]
_interrupt_13           0x008e0b         Code  Gb  main.o [1]
_interrupt_15           0x009004         Code  Gb  main.o [1]
_interrupt_19           0x00925b         Code  Gb  Uart.o [1]
_interrupt_20           0x00904c         Code  Gb  Uart.o [1]
_interrupt_7            0x0091a9         Code  Gb  ADC_HX711.o [1]
abs                     0x009462    0xb  Code  Gb  abs.o [4]
adc_flag                0x000065    0x1  Data  Gb  ADC_HX711.o [1]
adc_new_value           0x000052    0x4  Data  Gb  ADC_HX711.o [1]
adc_set_pulse           0x008973   0x39  Code  Gb  main.o [1]
adc_value               0x00004e    0x4  Data  Gb  ADC_HX711.o [1]
beep_init               0x009338   0x1d  Code  Gb  Init_stm.o [1]
beep_set                0x00943c    0xd  Code  Gb  Init_stm.o [1]
blink_err_led           0x009146   0x32  Code  Gb  main.o [1]
bt_set_AT_Comand        0x0089ac   0xb8  Code  Gb  main.o [1]
check_beep              0x008b43   0xb3  Code  Gb  main.o [1]
count_buzer             0x000068    0x1  Data  Gb  main.o [1]
data_adrres             0x000010    0x2  Data  Gb  Flash.o [1]
data_eeprom_read        0x008f25   0x4b  Code  Gb  Flash.o [1]
data_eeprom_write       0x008bf6   0x9a  Code  Gb  Flash.o [1]
deinit_SPI              0x009476    0x9  Code  Gb  ADC_HX711.o [1]
delay_ms                0x008958   0x1b  Code  Gb  main.o [1]
delay_ms_t              0x00005e    0x4  Data  Gb  main.o [1]
devide_int              0x0093eb   0x10  Code  Gb  Flash.o [1]
exit                    0x009493    0x3  Code  Gb  exit.o [4]
flag                    0x00006c    0x1  Data  Gb  main.o [1]
flash                   0x000012   0x14  Data  Gb  Flash.o [1]
float_to_int            0x009422    0xd  Code  Gb  Flash.o [1]
init_DS18B20_pin        0x0092fe   0x1d  Code  Gb  DS18B20.o [1]
init_SPI                0x00946d    0x9  Code  Gb  ADC_HX711.o [1]
init_SPI_first          0x00936e   0x17  Code  Gb  ADC_HX711.o [1]
init_gpio               0x00931b   0x1d  Code  Gb  Init_stm.o [1]
init_rcc                0x00942f    0xd  Code  Gb  Init_stm.o [1]
init_sensor_DS18B20     0x0090db   0x37  Code  Gb  DS18B20.o [1]
init_tim1               0x009355   0x19  Code  Gb  Init_stm.o [1]
init_tim2               0x00939b   0x15  Code  Gb  Init_stm.o [1]
init_uarts              0x009178   0x31  Code  Gb  Uart.o [1]
int_to_float            0x009415    0xd  Code  Gb  Flash.o [1]
main                    0x00857f  0x177  Code  Gb  main.o [1]
make_int                0x008da0   0x6b  Code  Gb  Flash.o [1]
map                     0x008f70   0x4b  Code  Gb  main.o [1]
massa                   0x000056    0x4  Data  Gb  ADC_HX711.o [1]
massa_display           0x0091d7   0x2c  Code  Gb  ADC_HX711.o [1]
massa_int               0x00005a    0x4  Data  Gb  ADC_HX711.o [1]
new_kalib_koef          0x009203   0x2c  Code  Gb  ADC_HX711.o [1]
number_byte_for_send    0x00006b    0x1  Data  Gb  main.o [1]
parsing_uart            0x0086f6  0x140  Code  Gb  main.o [1]
read_DS18B20            0x008ed9   0x4c  Code  Gb  DS18B20.o [1]
read_temp               0x008ce6   0x2f  Code  Gb  DS18B20.o [1]
rx_count                0x00006d    0x1  Data  Gb  Uart.o [1]
set_buzer               0x008fbb   0x49  Code  Gb  main.o [1]
set_poz_bit             0x000064    0x1  Data  Gb  ADC_HX711.o [1]
start_conversion        0x008d15    0xd  Code  Gb  DS18B20.o [1]
temperature             0x000066    0x1  Data  Gb  DS18B20.o [1]
tim_to_led              0x00006a    0x1  Data  Gb  main.o [1]
tim_to_transmit         0x000069    0x1  Data  Gb  main.o [1]
tim_to_update_ds18b20   0x000062    0x2  Data  Gb  main.o [1]
transmit_uart           0x008836  0x122  Code  Gb  main.o [1]
tx_count                0x00006e    0x1  Data  Gb  Uart.o [1]
tx_count_send           0x00006f    0x1  Data  Gb  Uart.o [1]
uart_flag               0x000070    0x1  Data  Gb  Uart.o [1]
uart_rx_buf             0x000026   0x14  Data  Gb  Uart.o [1]
uart_transmit_data      0x00922f   0x2c  Code  Gb  Uart.o [1]
uart_tx_buf             0x00003a   0x14  Data  Gb  Uart.o [1]
unlook_eeprom           0x00947f    0x9  Code  Gb  Flash.o [1]
write_DS18B20           0x008c90   0x56  Code  Gb  DS18B20.o [1]
zero_set                0x009456    0xc  Code  Gb  ADC_HX711.o [1]


[1] = C:\Users\RSolovyov\Documents\Iar_prjct\ADC_HX711_STM8\Debug\Obj
[2] = command line
[3] = dbgstm8smd.a
[4] = dlstm8smn.a

  5 106 bytes of readonly  code memory
    168 bytes of readonly  data memory
    369 bytes of readwrite data memory (+ 43 absolute)

Errors: none
Warnings: none
