###############################################################################
#
# IAR ELF Linker V3.11.1.207 for STM8                     26/May/2023  16:46:46
# Copyright 2010-2019 IAR Systems AB.
#
#    Output file  =  
#        C:\Users\RSolovyov\Documents\Iar_prjct\ADC_HX711_STM8\Debug\Exe\first.out
#    Map file     =  
#        C:\Users\RSolovyov\Documents\Iar_prjct\ADC_HX711_STM8\Debug\List\first.map
#    Command line =  
#        -f C:\Users\RSOLOV~1\AppData\Local\Temp\EWB56D.tmp
#        (C:\Users\RSolovyov\Documents\Iar_prjct\ADC_HX711_STM8\Debug\Obj\ADC_HX711.o
#        C:\Users\RSolovyov\Documents\Iar_prjct\ADC_HX711_STM8\Debug\Obj\DS18B20.o
#        C:\Users\RSolovyov\Documents\Iar_prjct\ADC_HX711_STM8\Debug\Obj\Flash.o
#        C:\Users\RSolovyov\Documents\Iar_prjct\ADC_HX711_STM8\Debug\Obj\Init_stm.o
#        C:\Users\RSolovyov\Documents\Iar_prjct\ADC_HX711_STM8\Debug\Obj\main.o
#        C:\Users\RSolovyov\Documents\Iar_prjct\ADC_HX711_STM8\Debug\Obj\Uart.o
#        --redirect _Printf=_PrintfFullNoMb --redirect _Scanf=_ScanfFullNoMb
#        --no_out_extension -o
#        C:\Users\RSolovyov\Documents\Iar_prjct\ADC_HX711_STM8\Debug\Exe\first.out
#        --map
#        C:\Users\RSolovyov\Documents\Iar_prjct\ADC_HX711_STM8\Debug\List\first.map
#        --config "C:\Program Files (x86)\IAR Systems\Embedded Workbench
#        8.3\stm8\config\lnkstm8s103f3.icf" --config_def _CSTACK_SIZE=0x100
#        --config_def _HEAP_SIZE=0x100 --entry __iar_program_start --debug_lib)
#
###############################################################################

*******************************************************************************
*** RUNTIME MODEL ATTRIBUTES
***

__SystemLibrary            = DLib
__code_model               = small
__core                     = stm8
__data_model               = medium
__dlib_file_descriptor     = 0
__dlib_full_locale_support = 0
__rt_version               = 4


*******************************************************************************
*** PLACEMENT SUMMARY
***

"A0":  place at start of [0x000000-0x0000ff] { rw section .vregs };
"A1":  place at end of [0x000000-0x0003ff] { block CSTACK };
"P2":  place in [from 0x000000 to 0x0003ff] {
          block HEAP, rw section __DLIB_PERTHREAD, rw section .far.bss,
          rw section .far.data, rw section .far.noinit,
          rw section .far_func.textrw, rw section .huge.bss,
          rw section .huge.data, rw section .huge.noinit,
          rw section .huge_func.textrw, rw section .iar.dynexit,
          rw section .near.bss, rw section .near.data, rw section .near.noinit,
          rw section .near_func.textrw };
"A2":  place at start of [0x008000-0x009fff] { block INTVEC };
"P3":  place in [from 0x008000 to 0x009fff] {
          ro section __DLIB_PERTHREAD_init, ro section .far.data_init,
          ro section .far_func.textrw_init, ro section .huge.data_init,
          ro section .huge_func.textrw_init, ro section .iar.init_table,
          ro section .init_array, ro section .near.data_init,
          ro section .near.rodata, ro section .near_func.text,
          ro section .near_func.textrw_init, ro section .tiny.data_init,
          ro section .tiny.rodata_init };
"P4":  place in [from 0x008000 to 0x009fff] {
          ro section .far.rodata, ro section .far_func.text };
"P5":  place in [from 0x008000 to 0x009fff] {
          ro section .huge.rodata, ro section .huge_func.text };
do not initialize {
   rw section .eeprom.noinit, rw section .far.noinit, rw section .huge.noinit,
   rw section .near.noinit, rw section .tiny.noinit, rw section .vregs };
initialize by copy {
   rw section .far.bss, rw section .far.data, rw section .far_func.textrw,
   rw section .huge.bss, rw section .huge.data, rw section .huge_func.textrw,
   rw section .iar.dynexit, rw section .near.bss, rw section .near.data,
   rw section .near_func.textrw, rw section .tiny.bss, rw section .tiny.data,
   ro section .tiny.rodata };

No sections matched the following patterns:

  ro section .far.data_init          in "P3-P5"
  ro section .far.rodata             in "P3-P5"
  ro section .far_func.text          in "P3-P5"
  ro section .far_func.textrw_init   in "P3-P5"
  ro section .huge.data_init         in "P3-P5"
  ro section .huge.rodata            in "P3-P5"
  ro section .huge_func.text         in "P3-P5"
  ro section .huge_func.textrw_init  in "P3-P5"
  ro section .iar.init_table         in "P3-P5"
  ro section .init_array             in "P3-P5"
  ro section .near.rodata            in "P3-P5"
  ro section .near_func.textrw_init  in "P3-P5"
  ro section .tiny.data_init         in "P3-P5"
  ro section .tiny.rodata_init       in "P3-P5"
  ro section __DLIB_PERTHREAD_init   in "P3-P5"
  rw section .far.bss                in "P2"
  rw section .far.data               in "P2"
  rw section .far.noinit             in "P2"
  rw section .far_func.textrw        in "P2"
  rw section .huge.bss               in "P2"
  rw section .huge.data              in "P2"
  rw section .huge.noinit            in "P2"
  rw section .huge_func.textrw       in "P2"
  rw section .iar.dynexit            in "P2"
  rw section .near.noinit            in "P2"
  rw section .near_func.textrw       in "P2"
  rw section .tiny.bss               in "P1"
  rw section .tiny.data              in "P1"
  rw section .tiny.noinit            in "P1"
  rw section .tiny.rodata            in "P1"
  rw section __DLIB_PERTHREAD        in "P2"
  section .eeprom.data               in "P6-P8"
  section .eeprom.noinit             in "P6-P8"
  section .eeprom.rodata             in "P6-P8"


  Section            Kind      Address    Size  Object
  -------            ----      -------    ----  ------
"A0":                                     0x10
  .vregs             uninit   0x000000    0x10  vregs.o [4]
                            - 0x000010    0x10

"P2", part 1 of 2:                        0x16
  P2-1                        0x000010    0x16  <Init block>
    .near.data       inited   0x000010     0x2  Flash.o [1]
    .near.data       inited   0x000012    0x14  Flash.o [1]
                            - 0x000026    0x16

"P2", part 2 of 2:                        0x4a
  .near.bss          zero     0x000026    0x14  Uart.o [1]
  .near.bss          zero     0x00003a    0x14  Uart.o [1]
  .near.bss          zero     0x00004e     0x4  ADC_HX711.o [1]
  .near.bss          zero     0x000052     0x4  ADC_HX711.o [1]
  .near.bss          zero     0x000056     0x4  ADC_HX711.o [1]
  .near.bss          zero     0x00005a     0x4  ADC_HX711.o [1]
  .near.bss          zero     0x00005e     0x4  main.o [1]
  .near.bss          zero     0x000062     0x2  main.o [1]
  .near.bss          zero     0x000064     0x1  ADC_HX711.o [1]
  .near.bss          zero     0x000065     0x1  ADC_HX711.o [1]
  .near.bss          zero     0x000066     0x1  DS18B20.o [1]
  .near.bss          zero     0x000067     0x1  DS18B20.o [1]
  .near.bss          zero     0x000068     0x1  main.o [1]
  .near.bss          zero     0x000069     0x1  main.o [1]
  .near.bss          zero     0x00006a     0x1  main.o [1]
  .near.bss          zero     0x00006b     0x1  main.o [1]
  .near.bss          zero     0x00006c     0x1  Uart.o [1]
  .near.bss          zero     0x00006d     0x1  Uart.o [1]
  .near.bss          zero     0x00006e     0x1  Uart.o [1]
  .near.bss          zero     0x00006f     0x1  Uart.o [1]
                            - 0x000070    0x4a

"A1":                                    0x100
  CSTACK                      0x000300   0x100  <Block>
    CSTACK           uninit   0x000300   0x100  <Block tail>
                            - 0x000400   0x100

Absolute sections, part 1 of 15:           0xa
  .near.noinit       uninit   0x00500a     0x1  main.o [1]
  .near.noinit       uninit   0x00500b     0x1  main.o [1]
  .near.noinit       uninit   0x00500c     0x1  Init_stm.o [1]
  .near.noinit       uninit   0x00500d     0x1  Init_stm.o [1]
  .near.noinit       uninit   0x00500e     0x1  Init_stm.o [1]
  .near.noinit       uninit   0x00500f     0x1  main.o [1]
  .near.noinit       uninit   0x005010     0x1  DS18B20.o [1]
  .near.noinit       uninit   0x005011     0x1  Uart.o [1]
  .near.noinit       uninit   0x005012     0x1  Uart.o [1]
  .near.noinit       uninit   0x005013     0x1  Init_stm.o [1]
                            - 0x005014     0xa

Absolute sections, part 2 of 15:           0x1
  .near.noinit       uninit   0x00505f     0x1  Flash.o [1]
                            - 0x005060     0x1

Absolute sections, part 3 of 15:           0x1
  .near.noinit       uninit   0x005064     0x1  Flash.o [1]
                            - 0x005065     0x1

Absolute sections, part 4 of 15:           0x1
  .near.noinit       uninit   0x0050a0     0x1  ADC_HX711.o [1]
                            - 0x0050a1     0x1

Absolute sections, part 5 of 15:           0x2
  .near.noinit       uninit   0x0050c6     0x1  Init_stm.o [1]
  .near.noinit       uninit   0x0050c7     0x1  Init_stm.o [1]
                            - 0x0050c8     0x2

Absolute sections, part 6 of 15:           0x1
  .near.noinit       uninit   0x0050f3     0x1  Init_stm.o [1]
                            - 0x0050f4     0x1

Absolute sections, part 7 of 15:           0x5
  .near.noinit       uninit   0x005200     0x1  ADC_HX711.o [1]
  .near.noinit       uninit   0x005201     0x1  ADC_HX711.o [1]
  .near.noinit       uninit   0x005202     0x1  ADC_HX711.o [1]
  .near.noinit       uninit   0x005203     0x1  ADC_HX711.o [1]
  .near.noinit       uninit   0x005204     0x1  ADC_HX711.o [1]
                            - 0x005205     0x5

Absolute sections, part 8 of 15:           0x4
  .near.noinit       uninit   0x005230     0x1  Uart.o [1]
  .near.noinit       uninit   0x005231     0x1  Uart.o [1]
  .near.noinit       uninit   0x005232     0x1  Uart.o [1]
  .near.noinit       uninit   0x005233     0x1  Uart.o [1]
                            - 0x005234     0x4

Absolute sections, part 9 of 15:           0x1
  .near.noinit       uninit   0x005235     0x1  Uart.o [1]
                            - 0x005236     0x1

Absolute sections, part 10 of 15:          0x1
  .near.noinit       uninit   0x005250     0x1  Init_stm.o [1]
                            - 0x005251     0x1

Absolute sections, part 11 of 15:          0x2
  .near.noinit       uninit   0x005254     0x1  Init_stm.o [1]
  .near.noinit       uninit   0x005255     0x1  main.o [1]
                            - 0x005256     0x2

Absolute sections, part 12 of 15:          0x4
  .near.noinit       uninit   0x005260     0x1  Init_stm.o [1]
  .near.noinit       uninit   0x005261     0x1  Init_stm.o [1]
  .near.noinit       uninit   0x005262     0x1  Init_stm.o [1]
  .near.noinit       uninit   0x005263     0x1  Init_stm.o [1]
                            - 0x005264     0x4

Absolute sections, part 13 of 15:          0x1
  .near.noinit       uninit   0x005300     0x1  Init_stm.o [1]
                            - 0x005301     0x1

Absolute sections, part 14 of 15:          0x2
  .near.noinit       uninit   0x005303     0x1  main.o [1]
  .near.noinit       uninit   0x005304     0x1  main.o [1]
                            - 0x005305     0x2

Absolute sections, part 15 of 15:          0x5
  .near.noinit       uninit   0x00530c     0x1  main.o [1]
  .near.noinit       uninit   0x00530d     0x1  main.o [1]
  .near.noinit       uninit   0x00530e     0x1  Init_stm.o [1]
  .near.noinit       uninit   0x00530f     0x1  main.o [1]
  .near.noinit       uninit   0x005310     0x1  main.o [1]
                            - 0x005311     0x5

"A2":                                     0x80
  INTVEC                      0x008000    0x80  <Block>
    .intvec          const    0x008000    0x80  interrupt.o [4]
                            - 0x008080    0x80

"P3-P5":                                0x11ad
  .near_func.text    ro code  0x008080   0x2fd  float.o [4]
  .near_func.text    ro code  0x00837d   0x202  long.o [4]
  .near_func.text    ro code  0x00857f   0x171  main.o [1]
  .near_func.text    ro code  0x0086f0    0xdf  vreg_util.o [4]
  .near_func.text    ro code  0x0087cf    0xda  main.o [1]
  .near_func.text    ro code  0x0088a9    0xb3  main.o [1]
  .near_func.text    ro code  0x00895c    0x9a  Flash.o [1]
  .near_func.text    ro code  0x0089f6    0x92  DS18B20.o [1]
  .near_func.text    ro code  0x008a88    0x7e  ADC_HX711.o [1]
  .near_func.text    ro code  0x008b06    0x6b  Flash.o [1]
  .near_func.text    ro code  0x008b71    0x6b  main.o [1]
  .near_func.text    ro code  0x008bdc    0x63  long_util.o [4]
  .near_func.text    ro code  0x008c3f    0x4c  DS18B20.o [1]
  .near_func.text    ro code  0x008c8b    0x4b  Flash.o [1]
  .near_func.text    ro code  0x008cd6    0x4b  main.o [1]
  .near_func.text    ro code  0x008d21    0x49  main.o [1]
  .near_func.text    ro code  0x008d6a    0x48  main.o [1]
  .near_func.text    ro code  0x008db2    0x48  Uart.o [1]
  .near_func.text    ro code  0x008dfa    0x39  main.o [1]
  .near_func.text    ro code  0x008e33    0x37  DS18B20.o [1]
  .near_func.text    ro code  0x008e6a    0x33  char.o [4]
  .near_func.text    ro code  0x008e9d    0x32  main.o [1]
  .near_func.text    ro code  0x008ecf    0x2e  ADC_HX711.o [1]
  .near_func.text    ro code  0x008efd    0x2c  ADC_HX711.o [1]
  .near_func.text    ro code  0x008f29    0x2c  ADC_HX711.o [1]
  .near_func.text    ro code  0x008f55    0x2c  Uart.o [1]
  .near_func.text    ro code  0x008f81    0x29  Uart.o [1]
  .near_func.text    ro code  0x008faa    0x29  short.o [4]
  .near_func.text    ro code  0x008fd3    0x28  Uart.o [1]
  .near_func.text    ro code  0x008ffb    0x28  init_small.o [4]
  .near_func.text    ro code  0x009023    0x23  ADC_HX711.o [1]
  .iar.init_table    const    0x009046    0x12  - Linker created -
  .near_func.text    ro code  0x009058    0x1e  init_small.o [4]
  .near_func.text    ro code  0x009076    0x1d  DS18B20.o [1]
  .near_func.text    ro code  0x009093    0x1d  Init_stm.o [1]
  .near_func.text    ro code  0x0090b0    0x1d  Init_stm.o [1]
  .near_func.text    ro code  0x0090cd    0x1b  main.o [1]
  .near_func.text    ro code  0x0090e8    0x19  Init_stm.o [1]
  .near_func.text    ro code  0x009101    0x17  ADC_HX711.o [1]
  Initializer bytes  const    0x009118    0x16  <for P2-1>
  .near_func.text    ro code  0x00912e    0x15  Init_stm.o [1]
  .near_func.text    ro code  0x009143    0x14  init.o [4]
  .near_func.text    ro code  0x009157    0x14  __dbg_xxexit.o [3]
  .near_func.text    ro code  0x00916b    0x13  cstartup.o [4]
  .near_func.text    ro code  0x00917e    0x10  Flash.o [1]
  .near_func.text    ro code  0x00918e     0xd  ADC_HX711.o [1]
  .near_func.text    ro code  0x00919b     0xd  ADC_HX711.o [1]
  .near_func.text    ro code  0x0091a8     0xd  Flash.o [1]
  .near_func.text    ro code  0x0091b5     0xd  Flash.o [1]
  .near_func.text    ro code  0x0091c2     0xd  Init_stm.o [1]
  .near_func.text    ro code  0x0091cf     0xd  Init_stm.o [1]
  .near_func.text    ro code  0x0091dc     0xd  dc_util.o [4]
  .near_func.text    ro code  0x0091e9     0xc  ADC_HX711.o [1]
  .near_func.text    ro code  0x0091f5     0xb  abs.o [4]
  .near_func.text    ro code  0x009200     0x9  ADC_HX711.o [1]
  .near_func.text    ro code  0x009209     0x9  ADC_HX711.o [1]
  .near_func.text    ro code  0x009212     0x9  Flash.o [1]
  .near_func.text    ro code  0x00921b     0x5  cexit.o [4]
  .near_func.text    ro code  0x009220     0x3  interrupt.o [4]
  .near_func.text    ro code  0x009223     0x3  low_level_init.o [4]
  .near_func.text    ro code  0x009226     0x3  exit.o [4]
  .near_func.text    ro code  0x009229     0x3  unhandled_exception.o [4]
  .near_func.text    ro code  0x00922c     0x1  __dbg_break.o [3]
                            - 0x00922d  0x11ad


*******************************************************************************
*** INIT TABLE
***

          Address   Size
          -------   ----
Zero (__iar_zero_init2)
    1 destination range, total size 0x4a:
          0x000026  0x4a

Copy (__iar_copy_init2)
    1 source range, total size 0x16:
          0x009118  0x16
    1 destination range, total size 0x16:
          0x000010  0x16



*******************************************************************************
*** MODULE SUMMARY
***

    Module                 ro code  ro data  rw data  rw data
                                                       (abs)
    ------                 -------  -------  -------  -------
C:\Users\RSolovyov\Documents\Iar_prjct\ADC_HX711_STM8\Debug\Obj: [1]
    ADC_HX711.o                374                18        6
    DS18B20.o                  306                 2        1
    Flash.o                    387       22       22        2
    Init_stm.o                 130                         15
    Uart.o                     197                44        7
    main.o                   1 227                10       10
    ---------------------------------------------------------
    Total:                   2 621       22       96       41

command line: [2]
    ---------------------------------------------------------
    Total:

dbgstm8smd.a: [3]
    __dbg_break.o                1
    __dbg_xxexit.o              20
    ---------------------------------------------------------
    Total:                      21

dlstm8smn.a: [4]
    abs.o                       11
    cexit.o                      5
    char.o                      51
    cstartup.o                  19
    dc_util.o                   13
    exit.o                       3
    float.o                    765
    init.o                      20
    init_small.o                70
    interrupt.o                  3      128
    long.o                     514
    long_util.o                 99
    low_level_init.o             3
    short.o                     41
    unhandled_exception.o        3
    vreg_util.o                223
    vregs.o                                       16
    ---------------------------------------------------------
    Total:                   1 843      128       16

    Linker created                       18      256
-------------------------------------------------------------
    Grand Total:             4 485      168      368       41


*******************************************************************************
*** ENTRY LIST
***

Entry                    Address   Size  Type      Object
-----                    -------   ----  ----      ------
.iar.init_table$$Base   0x009046          --   Gb  - Linker created -
.iar.init_table$$Limit  0x009058          --   Gb  - Linker created -
?add32_l0_l0_0x         0x0083a9         Code  Gb  long.o [4]
?add32_l0_l0_l1         0x0083a6         Code  Gb  long.o [4]
?b0                     0x000000         Data  Gb  vregs.o [4]
?b1                     0x000001         Data  Gb  vregs.o [4]
?b10                    0x00000a         Data  Gb  vregs.o [4]
?b11                    0x00000b         Data  Gb  vregs.o [4]
?b12                    0x00000c         Data  Gb  vregs.o [4]
?b13                    0x00000d         Data  Gb  vregs.o [4]
?b14                    0x00000e         Data  Gb  vregs.o [4]
?b15                    0x00000f         Data  Gb  vregs.o [4]
?b2                     0x000002         Data  Gb  vregs.o [4]
?b3                     0x000003         Data  Gb  vregs.o [4]
?b4                     0x000004         Data  Gb  vregs.o [4]
?b5                     0x000005         Data  Gb  vregs.o [4]
?b6                     0x000006         Data  Gb  vregs.o [4]
?b7                     0x000007         Data  Gb  vregs.o [4]
?b8                     0x000008         Data  Gb  vregs.o [4]
?b9                     0x000009         Data  Gb  vregs.o [4]
?dc32_l1                0x0091dc         Code  Gb  dc_util.o [4]
?dec32_0x_0x            0x008392         Code  Gb  long.o [4]
?dec32_l0_l0            0x00838d         Code  Gb  long.o [4]
?e0                     0x000001         Data  Gb  vregs.o [4]
?e1                     0x000005         Data  Gb  vregs.o [4]
?e2                     0x000009         Data  Gb  vregs.o [4]
?e3                     0x00000d         Data  Gb  vregs.o [4]
?epilogue_l2            0x008770         Code  Gb  vreg_util.o [4]
?epilogue_l2_l3         0x00876d         Code  Gb  vreg_util.o [4]
?fcastf32s32_l0_l0      0x00822d         Code  Gb  float.o [4]
?fcasts32f32_l0_l0      0x0081cc         Code  Gb  float.o [4]
?fdiv32_l0_l0_l1        0x00811e         Code  Gb  float.o [4]
?fmul32_l0_l0_0x        0x008080         Code  Gb  float.o [4]
?fmul32_l0_l0_l1        0x008083         Code  Gb  float.o [4]
?l0                     0x000000         Data  Gb  vregs.o [4]
?l1                     0x000004         Data  Gb  vregs.o [4]
?l2                     0x000008         Data  Gb  vregs.o [4]
?l3                     0x00000c         Data  Gb  vregs.o [4]
?load32_0x_l0           0x008c31         Code  Gb  long_util.o [4]
?load32_asp_l0          0x008c25         Code  Gb  long_util.o [4]
?load32_dbsp_l0         0x008c20         Code  Gb  long_util.o [4]
?load32_l0_0x           0x008bec         Code  Gb  long_util.o [4]
?load32_l0_asp          0x008be1         Code  Gb  long_util.o [4]
?load32_l0_dbsp         0x008bdc         Code  Gb  long_util.o [4]
?load32_l0_xsp          0x008be3         Code  Gb  long_util.o [4]
?load32_l1_0x           0x008bf8         Code  Gb  long_util.o [4]
?load32_l2_0x           0x008c14         Code  Gb  long_util.o [4]
?load32_l2_asp          0x008c09         Code  Gb  long_util.o [4]
?load32_l2_dbsp         0x008c04         Code  Gb  long_util.o [4]
?load32_l2_xsp          0x008c0b         Code  Gb  long_util.o [4]
?load32_xsp_l0          0x008c27         Code  Gb  long_util.o [4]
?mov_e0_e1              0x008777         Code  Gb  vreg_util.o [4]
?mov_e0_e2              0x008784         Code  Gb  vreg_util.o [4]
?mov_e1_e0              0x008791         Code  Gb  vreg_util.o [4]
?mov_e1_e2              0x00879e         Code  Gb  vreg_util.o [4]
?mov_e1_e3              0x0087ab         Code  Gb  vreg_util.o [4]
?mov_e2_e0              0x0087b8         Code  Gb  vreg_util.o [4]
?mov_e3_e1              0x0087c5         Code  Gb  vreg_util.o [4]
?mov_l0_l1              0x008774         Code  Gb  vreg_util.o [4]
?mov_l0_l2              0x008781         Code  Gb  vreg_util.o [4]
?mov_l1_l0              0x00878e         Code  Gb  vreg_util.o [4]
?mov_l1_l2              0x00879b         Code  Gb  vreg_util.o [4]
?mov_l1_l3              0x0087a8         Code  Gb  vreg_util.o [4]
?mov_l2_l0              0x0087b5         Code  Gb  vreg_util.o [4]
?mov_l3_l1              0x0087c2         Code  Gb  vreg_util.o [4]
?mov_w1_w3              0x00877a         Code  Gb  vreg_util.o [4]
?mov_w1_w5              0x008787         Code  Gb  vreg_util.o [4]
?mov_w3_w1              0x008794         Code  Gb  vreg_util.o [4]
?mov_w3_w5              0x0087a1         Code  Gb  vreg_util.o [4]
?mov_w3_w7              0x0087ae         Code  Gb  vreg_util.o [4]
?mov_w5_w1              0x0087bb         Code  Gb  vreg_util.o [4]
?mov_w7_w3              0x0087c8         Code  Gb  vreg_util.o [4]
?mul32_l0_l0_l1         0x0083dc         Code  Gb  long.o [4]
?neg32_l0_l0            0x00837d         Code  Gb  long.o [4]
?or32_l0_l0_0x          0x008533         Code  Gb  long.o [4]
?or32_l0_l0_l1          0x008530         Code  Gb  long.o [4]
?pop_l0                 0x008739         Code  Gb  vreg_util.o [4]
?pop_l1                 0x008744         Code  Gb  vreg_util.o [4]
?pop_l2                 0x00874f         Code  Gb  vreg_util.o [4]
?pop_l3                 0x00875a         Code  Gb  vreg_util.o [4]
?push_l0                0x008708         Code  Gb  vreg_util.o [4]
?push_l1                0x00870d         Code  Gb  vreg_util.o [4]
?push_l2                0x008712         Code  Gb  vreg_util.o [4]
?push_l3                0x008717         Code  Gb  vreg_util.o [4]
?push_w4                0x0086f0         Code  Gb  vreg_util.o [4]
?scmp32_c_l0_0x         0x008510         Code  Gb  long.o [4]
?scmp32_c_l0_l1         0x008519         Code  Gb  long.o [4]
?sdiv16_x_x_y           0x008faa         Code  Gb  short.o [4]
?sdiv32_l0_l0_dl        0x0084c7         Code  Gb  long.o [4]
?sdiv32_l0_l0_l1        0x0084ca         Code  Gb  long.o [4]
?sdiv8_xl_a_b0          0x008e6a         Code  Gb  char.o [4]
?sext32_l0_x            0x008574         Code  Gb  long.o [4]
?sll32_0x_0x_a          0x008566         Code  Gb  long.o [4]
?sll32_l0_l0_a          0x008563         Code  Gb  long.o [4]
?smod16_y_x_y           0x008fc3         Code  Gb  short.o [4]
?smod32_l1_l0_l1        0x0084ca         Code  Gb  long.o [4]
?smod8_a_b0_a           0x008e84         Code  Gb  char.o [4]
?srl8_a_a_5             0x008e98         Code  Gb  char.o [4]
?sub32_l0_l0_0x         0x0083c4         Code  Gb  long.o [4]
?sub32_l0_l0_l1         0x0083c1         Code  Gb  long.o [4]
?udiv32_l0_l0_l1        0x00845a         Code  Gb  long.o [4]
?umod32_l1_l0_l1        0x00845a         Code  Gb  long.o [4]
?w0                     0x000000         Data  Gb  vregs.o [4]
?w1                     0x000002         Data  Gb  vregs.o [4]
?w2                     0x000004         Data  Gb  vregs.o [4]
?w3                     0x000006         Data  Gb  vregs.o [4]
?w4                     0x000008         Data  Gb  vregs.o [4]
?w5                     0x00000a         Data  Gb  vregs.o [4]
?w6                     0x00000c         Data  Gb  vregs.o [4]
?w7                     0x00000e         Data  Gb  vregs.o [4]
?xor32_l0_l0_0x         0x00854b         Code  Gb  long.o [4]
ADC_pin_automat         0x00919b    0xd  Code  Gb  ADC_HX711.o [1]
ADC_pin_init            0x009023   0x23  Code  Gb  ADC_HX711.o [1]
ADC_pin_manual          0x00918e    0xd  Code  Gb  ADC_HX711.o [1]
CLK_PCKENR1             0x0050c7    0x1  Data  Gb  Init_stm.o [1]
CSTACK$$Base            0x000300          --   Gb  - Linker created -
CSTACK$$Limit           0x000400          --   Gb  - Linker created -
DS18B20_flag            0x000067    0x1  Data  Gb  DS18B20.o [1]
EXTI2_Handler           0x008ecf   0x2e  Code  Gb  ADC_HX711.o [1]
FLASH_DUKR              0x005064    0x1  Data  Gb  Flash.o [1]
INTVEC$$Base            0x008000          --   Gb  - Linker created -
INTVEC$$Limit           0x008080          --   Gb  - Linker created -
Region$$Table$$Base     0x009046          --   Gb  - Linker created -
Region$$Table$$Limit    0x009058          --   Gb  - Linker created -
SPI_DR                  0x005204    0x1  Data  Gb  ADC_HX711.o [1]
SPI_RXNE_Handler        0x008a88   0x7e  Code  Gb  ADC_HX711.o [1]
TIM1_ARRH               0x005262    0x1  Data  Gb  Init_stm.o [1]
TIM1_ARRL               0x005263    0x1  Data  Gb  Init_stm.o [1]
TIM1_OVR_UIF_Handler    0x008b71   0x6b  Code  Gb  main.o [1]
TIM1_PSCRH              0x005260    0x1  Data  Gb  Init_stm.o [1]
TIM1_PSCRL              0x005261    0x1  Data  Gb  Init_stm.o [1]
TIM2_ARRH               0x00530f    0x1  Data  Gb  main.o [1]
TIM2_ARRL               0x005310    0x1  Data  Gb  main.o [1]
TIM2_CNTRH              0x00530c    0x1  Data  Gb  main.o [1]
TIM2_CNTRL              0x00530d    0x1  Data  Gb  main.o [1]
TIM2_OVR_UIF_Handler    0x008d6a   0x48  Code  Gb  main.o [1]
UART1_BRR1              0x005232    0x1  Data  Gb  Uart.o [1]
UART1_BRR2              0x005233    0x1  Data  Gb  Uart.o [1]
UART1_DR                0x005231    0x1  Data  Gb  Uart.o [1]
UART1_R_RXNE_Handler    0x008db2   0x48  Code  Gb  Uart.o [1]
UART1_T_TXE_Handler     0x008fd3   0x28  Code  Gb  Uart.o [1]
_A_BEEP_CSR             0x0050f3    0x1  Data  Gb  Init_stm.o [1]
_A_CLK_CKDIVR           0x0050c6    0x1  Data  Gb  Init_stm.o [1]
_A_EXTI_CR1             0x0050a0    0x1  Data  Gb  ADC_HX711.o [1]
_A_FLASH_IAPSR          0x00505f    0x1  Data  Gb  Flash.o [1]
_A_PC_CR1               0x00500d    0x1  Data  Gb  Init_stm.o [1]
_A_PC_CR2               0x00500e    0x1  Data  Gb  Init_stm.o [1]
_A_PC_DDR               0x00500c    0x1  Data  Gb  Init_stm.o [1]
_A_PC_IDR               0x00500b    0x1  Data  Gb  main.o [1]
_A_PC_ODR               0x00500a    0x1  Data  Gb  main.o [1]
_A_PD_CR1               0x005012    0x1  Data  Gb  Uart.o [1]
_A_PD_CR2               0x005013    0x1  Data  Gb  Init_stm.o [1]
_A_PD_DDR               0x005011    0x1  Data  Gb  Uart.o [1]
_A_PD_IDR               0x005010    0x1  Data  Gb  DS18B20.o [1]
_A_PD_ODR               0x00500f    0x1  Data  Gb  main.o [1]
_A_SPI_CR1              0x005200    0x1  Data  Gb  ADC_HX711.o [1]
_A_SPI_CR2              0x005201    0x1  Data  Gb  ADC_HX711.o [1]
_A_SPI_ICR              0x005202    0x1  Data  Gb  ADC_HX711.o [1]
_A_SPI_SR               0x005203    0x1  Data  Gb  ADC_HX711.o [1]
_A_TIM1_CR1             0x005250    0x1  Data  Gb  Init_stm.o [1]
_A_TIM1_IER             0x005254    0x1  Data  Gb  Init_stm.o [1]
_A_TIM1_SR1             0x005255    0x1  Data  Gb  main.o [1]
_A_TIM2_CR1             0x005300    0x1  Data  Gb  Init_stm.o [1]
_A_TIM2_IER             0x005303    0x1  Data  Gb  main.o [1]
_A_TIM2_PSCR            0x00530e    0x1  Data  Gb  Init_stm.o [1]
_A_TIM2_SR1             0x005304    0x1  Data  Gb  main.o [1]
_A_UART1_CR2            0x005235    0x1  Data  Gb  Uart.o [1]
_A_UART1_SR             0x005230    0x1  Data  Gb  Uart.o [1]
__DebugBreak            0x00922c    0x1  Code  Gb  __dbg_break.o [3]
__exit                  0x009157   0x14  Code  Gb  __dbg_xxexit.o [3]
__iar_copy_init2        0x008ffb         Code  Gb  init_small.o [4]
__iar_data_init2        0x009143   0x14  Code  Gb  init.o [4]
__iar_program_start     0x00916b         Code  Gb  cstartup.o [4]
__iar_unhandled_exception
                        0x009229         Code  Gb  unhandled_exception.o [4]
__iar_zero_init2        0x009058         Code  Gb  init_small.o [4]
__intvec                0x008000         Data  Gb  interrupt.o [4]
__low_level_init        0x009223    0x3  Code  Gb  low_level_init.o [4]
_exit                   0x00921b         Code  Gb  cexit.o [4]
_interrupt_12           0x008a88         Code  Gb  ADC_HX711.o [1]
_interrupt_13           0x008b71         Code  Gb  main.o [1]
_interrupt_15           0x008d6a         Code  Gb  main.o [1]
_interrupt_19           0x008fd3         Code  Gb  Uart.o [1]
_interrupt_20           0x008db2         Code  Gb  Uart.o [1]
_interrupt_7            0x008ecf         Code  Gb  ADC_HX711.o [1]
abs                     0x0091f5    0xb  Code  Gb  abs.o [4]
adc_flag                0x000065    0x1  Data  Gb  ADC_HX711.o [1]
adc_new_value           0x000052    0x4  Data  Gb  ADC_HX711.o [1]
adc_set_pulse           0x008dfa   0x39  Code  Gb  main.o [1]
adc_value               0x00004e    0x4  Data  Gb  ADC_HX711.o [1]
beep_init               0x0090b0   0x1d  Code  Gb  Init_stm.o [1]
beep_set                0x0091cf    0xd  Code  Gb  Init_stm.o [1]
blink_err_led           0x008e9d   0x32  Code  Gb  main.o [1]
check_beep              0x0088a9   0xb3  Code  Gb  main.o [1]
count_buzer             0x000068    0x1  Data  Gb  main.o [1]
data_adrres             0x000010    0x2  Data  Gb  Flash.o [1]
data_eeprom_read        0x008c8b   0x4b  Code  Gb  Flash.o [1]
data_eeprom_write       0x00895c   0x9a  Code  Gb  Flash.o [1]
deinit_SPI              0x009209    0x9  Code  Gb  ADC_HX711.o [1]
delay_ms                0x0090cd   0x1b  Code  Gb  main.o [1]
delay_ms_t              0x00005e    0x4  Data  Gb  main.o [1]
devide_int              0x00917e   0x10  Code  Gb  Flash.o [1]
exit                    0x009226    0x3  Code  Gb  exit.o [4]
flag                    0x00006b    0x1  Data  Gb  main.o [1]
flash                   0x000012   0x14  Data  Gb  Flash.o [1]
float_to_int            0x0091b5    0xd  Code  Gb  Flash.o [1]
init_DS18B20_pin        0x009076   0x1d  Code  Gb  DS18B20.o [1]
init_SPI                0x009200    0x9  Code  Gb  ADC_HX711.o [1]
init_SPI_first          0x009101   0x17  Code  Gb  ADC_HX711.o [1]
init_gpio               0x009093   0x1d  Code  Gb  Init_stm.o [1]
init_rcc                0x0091c2    0xd  Code  Gb  Init_stm.o [1]
init_sensor_DS18B20     0x008e33   0x37  Code  Gb  DS18B20.o [1]
init_tim1               0x0090e8   0x19  Code  Gb  Init_stm.o [1]
init_tim2               0x00912e   0x15  Code  Gb  Init_stm.o [1]
init_uarts              0x008f81   0x29  Code  Gb  Uart.o [1]
int_to_float            0x0091a8    0xd  Code  Gb  Flash.o [1]
main                    0x00857f  0x171  Code  Gb  main.o [1]
make_int                0x008b06   0x6b  Code  Gb  Flash.o [1]
map                     0x008cd6   0x4b  Code  Gb  main.o [1]
massa                   0x000056    0x4  Data  Gb  ADC_HX711.o [1]
massa_display           0x008efd   0x2c  Code  Gb  ADC_HX711.o [1]
massa_int               0x00005a    0x4  Data  Gb  ADC_HX711.o [1]
new_kalib_koef          0x008f29   0x2c  Code  Gb  ADC_HX711.o [1]
read_DS18B20            0x008c3f   0x4c  Code  Gb  DS18B20.o [1]
read_temp               0x008a4c   0x2f  Code  Gb  DS18B20.o [1]
rx_count                0x00006c    0x1  Data  Gb  Uart.o [1]
set_buzer               0x008d21   0x49  Code  Gb  main.o [1]
set_poz_bit             0x000064    0x1  Data  Gb  ADC_HX711.o [1]
start_conversion        0x008a7b    0xd  Code  Gb  DS18B20.o [1]
temperature             0x000066    0x1  Data  Gb  DS18B20.o [1]
tim_to_led              0x00006a    0x1  Data  Gb  main.o [1]
tim_to_transmit         0x000069    0x1  Data  Gb  main.o [1]
tim_to_update_ds18b20   0x000062    0x2  Data  Gb  main.o [1]
transmit_uart           0x0087cf   0xda  Code  Gb  main.o [1]
tx_count                0x00006d    0x1  Data  Gb  Uart.o [1]
tx_count_send           0x00006e    0x1  Data  Gb  Uart.o [1]
uart_flag               0x00006f    0x1  Data  Gb  Uart.o [1]
uart_rx_buf             0x000026   0x14  Data  Gb  Uart.o [1]
uart_transmit_data      0x008f55   0x2c  Code  Gb  Uart.o [1]
uart_tx_buf             0x00003a   0x14  Data  Gb  Uart.o [1]
unlook_eeprom           0x009212    0x9  Code  Gb  Flash.o [1]
write_DS18B20           0x0089f6   0x56  Code  Gb  DS18B20.o [1]
zero_set                0x0091e9    0xc  Code  Gb  ADC_HX711.o [1]


[1] = C:\Users\RSolovyov\Documents\Iar_prjct\ADC_HX711_STM8\Debug\Obj
[2] = command line
[3] = dbgstm8smd.a
[4] = dlstm8smn.a

  4 485 bytes of readonly  code memory
    168 bytes of readonly  data memory
    368 bytes of readwrite data memory (+ 41 absolute)

Errors: none
Warnings: none
