###############################################################################
#
# IAR ELF Linker V3.11.1.207 for STM8                     18/May/2023  15:52:38
# Copyright 2010-2019 IAR Systems AB.
#
#    Output file  =  C:\Users\RSolovyov\iar\first_prjct\Debug\Exe\first.out
#    Map file     =  C:\Users\RSolovyov\iar\first_prjct\Debug\List\first.map
#    Command line =  
#        -f C:\Users\RSOLOV~1\AppData\Local\Temp\EW2E74.tmp
#        (C:\Users\RSolovyov\iar\first_prjct\Debug\Obj\ADC_HX711.o
#        C:\Users\RSolovyov\iar\first_prjct\Debug\Obj\Init_stm.o
#        C:\Users\RSolovyov\iar\first_prjct\Debug\Obj\main.o --redirect
#        _Printf=_PrintfFullNoMb --redirect _Scanf=_ScanfFullNoMb
#        --no_out_extension -o
#        C:\Users\RSolovyov\iar\first_prjct\Debug\Exe\first.out --map
#        C:\Users\RSolovyov\iar\first_prjct\Debug\List\first.map --config
#        "C:\Program Files (x86)\IAR Systems\Embedded Workbench
#        8.3\stm8\config\lnkstm8s103f3.icf" --config_def _CSTACK_SIZE=0x100
#        --config_def _HEAP_SIZE=0x100 --entry __iar_program_start --debug_lib)
#
###############################################################################

*******************************************************************************
*** RUNTIME MODEL ATTRIBUTES
***

__SystemLibrary            = DLib
__code_model               = small
__core                     = stm8
__data_model               = medium
__dlib_file_descriptor     = 0
__dlib_full_locale_support = 0
__rt_version               = 4


*******************************************************************************
*** PLACEMENT SUMMARY
***

"A0":  place at start of [0x000000-0x0000ff] { rw section .vregs };
"A1":  place at end of [0x000000-0x0003ff] { block CSTACK };
"P2":  place in [from 0x000000 to 0x0003ff] {
          block HEAP, rw section __DLIB_PERTHREAD, rw section .far.bss,
          rw section .far.data, rw section .far.noinit,
          rw section .far_func.textrw, rw section .huge.bss,
          rw section .huge.data, rw section .huge.noinit,
          rw section .huge_func.textrw, rw section .iar.dynexit,
          rw section .near.bss, rw section .near.data, rw section .near.noinit,
          rw section .near_func.textrw };
"A2":  place at start of [0x008000-0x009fff] { block INTVEC };
"P3":  place in [from 0x008000 to 0x009fff] {
          ro section __DLIB_PERTHREAD_init, ro section .far.data_init,
          ro section .far_func.textrw_init, ro section .huge.data_init,
          ro section .huge_func.textrw_init, ro section .iar.init_table,
          ro section .init_array, ro section .near.data_init,
          ro section .near.rodata, ro section .near_func.text,
          ro section .near_func.textrw_init, ro section .tiny.data_init,
          ro section .tiny.rodata_init };
"P4":  place in [from 0x008000 to 0x009fff] {
          ro section .far.rodata, ro section .far_func.text };
"P5":  place in [from 0x008000 to 0x009fff] {
          ro section .huge.rodata, ro section .huge_func.text };
do not initialize {
   rw section .eeprom.noinit, rw section .far.noinit, rw section .huge.noinit,
   rw section .near.noinit, rw section .tiny.noinit, rw section .vregs };

No sections matched the following patterns:

  ro section .far.data_init          in "P3-P5"
  ro section .far.rodata             in "P3-P5"
  ro section .far_func.text          in "P3-P5"
  ro section .far_func.textrw_init   in "P3-P5"
  ro section .huge.data_init         in "P3-P5"
  ro section .huge.rodata            in "P3-P5"
  ro section .huge_func.text         in "P3-P5"
  ro section .huge_func.textrw_init  in "P3-P5"
  ro section .iar.init_table         in "P3-P5"
  ro section .init_array             in "P3-P5"
  ro section .near.data_init         in "P3-P5"
  ro section .near.rodata            in "P3-P5"
  ro section .near_func.textrw_init  in "P3-P5"
  ro section .tiny.data_init         in "P3-P5"
  ro section .tiny.rodata_init       in "P3-P5"
  ro section __DLIB_PERTHREAD_init   in "P3-P5"
  rw section .far.bss                in "P2"
  rw section .far.data               in "P2"
  rw section .far.noinit             in "P2"
  rw section .far_func.textrw        in "P2"
  rw section .huge.bss               in "P2"
  rw section .huge.data              in "P2"
  rw section .huge.noinit            in "P2"
  rw section .huge_func.textrw       in "P2"
  rw section .iar.dynexit            in "P2"
  rw section .near.data              in "P2"
  rw section .near.noinit            in "P2"
  rw section .near_func.textrw       in "P2"
  rw section .tiny.bss               in "P1"
  rw section .tiny.data              in "P1"
  rw section .tiny.noinit            in "P1"
  rw section .tiny.rodata            in "P1"
  rw section __DLIB_PERTHREAD        in "P2"
  section .eeprom.data               in "P6-P8"
  section .eeprom.noinit             in "P6-P8"
  section .eeprom.rodata             in "P6-P8"


  Section          Kind      Address   Size  Object
  -------          ----      -------   ----  ------
"A0":                                   0xc
  .vregs           uninit   0x000000    0xc  vregs.o [4]
                          - 0x00000c    0xc

"P2":                                   0x3
  .near.bss        zero     0x00000c    0x2  main.o [1]
  .near.bss        zero     0x00000e    0x1  main.o [1]
                          - 0x00000f    0x3

"A1":                                 0x100
  CSTACK                    0x000300  0x100  <Block>
    CSTACK         uninit   0x000300  0x100  <Block tail>
                          - 0x000400  0x100

Absolute sections, part 1 of 8:         0x1
  .near.noinit     uninit   0x005005    0x1  main.o [1]
                          - 0x005006    0x1

Absolute sections, part 2 of 8:         0x3
  .near.noinit     uninit   0x005007    0x1  Init_stm.o [1]
  .near.noinit     uninit   0x005008    0x1  Init_stm.o [1]
  .near.noinit     uninit   0x005009    0x1  Init_stm.o [1]
                          - 0x00500a    0x3

Absolute sections, part 3 of 8:         0x5
  .near.noinit     uninit   0x00500f    0x1  ADC_HX711.o [1]
  .near.noinit     uninit   0x005010    0x1  ADC_HX711.o [1]
  .near.noinit     uninit   0x005011    0x1  ADC_HX711.o [1]
  .near.noinit     uninit   0x005012    0x1  ADC_HX711.o [1]
  .near.noinit     uninit   0x005013    0x1  ADC_HX711.o [1]
                          - 0x005014    0x5

Absolute sections, part 4 of 8:         0x1
  .near.noinit     uninit   0x0050a0    0x1  ADC_HX711.o [1]
                          - 0x0050a1    0x1

Absolute sections, part 5 of 8:         0x1
  .near.noinit     uninit   0x0050c6    0x1  Init_stm.o [1]
                          - 0x0050c7    0x1

Absolute sections, part 6 of 8:         0x1
  .near.noinit     uninit   0x005340    0x1  Init_stm.o [1]
                          - 0x005341    0x1

Absolute sections, part 7 of 8:         0x2
  .near.noinit     uninit   0x005343    0x1  Init_stm.o [1]
  .near.noinit     uninit   0x005344    0x1  main.o [1]
                          - 0x005345    0x2

Absolute sections, part 8 of 8:         0x2
  .near.noinit     uninit   0x005347    0x1  Init_stm.o [1]
  .near.noinit     uninit   0x005348    0x1  Init_stm.o [1]
                          - 0x005349    0x2

"A2":                                  0x80
  INTVEC                    0x008000   0x80  <Block>
    .intvec        const    0x008000   0x80  interrupt.o [4]
                          - 0x008080   0x80

"P3-P5":                              0x131
  .near_func.text  ro code  0x008080   0x39  main.o [1]
  .near_func.text  ro code  0x0080b9   0x23  ADC_HX711.o [1]
  .iar.init_table  const    0x0080dc    0x8  - Linker created -
  .near_func.text  ro code  0x0080e4   0x1e  init_small.o [4]
  .near_func.text  ro code  0x008102   0x18  vreg_util.o [4]
  .near_func.text  ro code  0x00811a   0x17  Init_stm.o [1]
  .near_func.text  ro code  0x008131   0x14  init.o [4]
  .near_func.text  ro code  0x008145   0x14  __dbg_xxexit.o [3]
  .near_func.text  ro code  0x008159   0x13  cstartup.o [4]
  .near_func.text  ro code  0x00816c   0x11  ADC_HX711.o [1]
  .near_func.text  ro code  0x00817d    0xd  Init_stm.o [1]
  .near_func.text  ro code  0x00818a    0xc  main.o [1]
  .near_func.text  ro code  0x008196    0x9  Init_stm.o [1]
  .near_func.text  ro code  0x00819f    0x5  cexit.o [4]
  .near_func.text  ro code  0x0081a4    0x3  interrupt.o [4]
  .near_func.text  ro code  0x0081a7    0x3  low_level_init.o [4]
  .near_func.text  ro code  0x0081aa    0x3  exit.o [4]
  .near_func.text  ro code  0x0081ad    0x3  unhandled_exception.o [4]
  .near_func.text  ro code  0x0081b0    0x1  __dbg_break.o [3]
                          - 0x0081b1  0x131


*******************************************************************************
*** INIT TABLE
***

          Address   Size
          -------   ----
Zero (__iar_zero_init2)
    1 destination range, total size 0x3:
          0x00000c   0x3



*******************************************************************************
*** MODULE SUMMARY
***

    Module                 ro code  ro data  rw data  rw data
                                                       (abs)
    ------                 -------  -------  -------  -------
C:\Users\RSolovyov\iar\first_prjct\Debug\Obj: [1]
    ADC_HX711.o                 52                          6
    Init_stm.o                  45                          8
    main.o                      69                 3        2
    ---------------------------------------------------------
    Total:                     166                 3       16

command line: [2]
    ---------------------------------------------------------
    Total:

dbgstm8smd.a: [3]
    __dbg_break.o                1
    __dbg_xxexit.o              20
    ---------------------------------------------------------
    Total:                      21

dlstm8smn.a: [4]
    cexit.o                      5
    cstartup.o                  19
    exit.o                       3
    init.o                      20
    init_small.o                30
    interrupt.o                  3      128
    low_level_init.o             3
    unhandled_exception.o        3
    vreg_util.o                 24
    vregs.o                                       12
    ---------------------------------------------------------
    Total:                     110      128       12

    Linker created                        8      256
-------------------------------------------------------------
    Grand Total:               297      136      271       16


*******************************************************************************
*** ENTRY LIST
***

Entry                    Address  Size  Type      Object
-----                    -------  ----  ----      ------
.iar.init_table$$Base   0x0080dc         --   Gb  - Linker created -
.iar.init_table$$Limit  0x0080e4         --   Gb  - Linker created -
?b0                     0x000000        Data  Gb  vregs.o [4]
?b1                     0x000001        Data  Gb  vregs.o [4]
?b10                    0x00000a        Data  Gb  vregs.o [4]
?b11                    0x00000b        Data  Gb  vregs.o [4]
?b2                     0x000002        Data  Gb  vregs.o [4]
?b3                     0x000003        Data  Gb  vregs.o [4]
?b4                     0x000004        Data  Gb  vregs.o [4]
?b5                     0x000005        Data  Gb  vregs.o [4]
?b6                     0x000006        Data  Gb  vregs.o [4]
?b7                     0x000007        Data  Gb  vregs.o [4]
?b8                     0x000008        Data  Gb  vregs.o [4]
?b9                     0x000009        Data  Gb  vregs.o [4]
?e0                     0x000001        Data  Gb  vregs.o [4]
?e1                     0x000005        Data  Gb  vregs.o [4]
?e2                     0x000009        Data  Gb  vregs.o [4]
?l0                     0x000000        Data  Gb  vregs.o [4]
?l1                     0x000004        Data  Gb  vregs.o [4]
?l2                     0x000008        Data  Gb  vregs.o [4]
?push_w4                0x008102        Code  Gb  vreg_util.o [4]
?w0                     0x000000        Data  Gb  vregs.o [4]
?w1                     0x000002        Data  Gb  vregs.o [4]
?w2                     0x000004        Data  Gb  vregs.o [4]
?w3                     0x000006        Data  Gb  vregs.o [4]
?w4                     0x000008        Data  Gb  vregs.o [4]
?w5                     0x00000a        Data  Gb  vregs.o [4]
CSTACK$$Base            0x000300         --   Gb  - Linker created -
CSTACK$$Limit           0x000400         --   Gb  - Linker created -
EXTI2_Handler           0x00816c  0x11  Code  Gb  ADC_HX711.o [1]
INTVEC$$Base            0x008000         --   Gb  - Linker created -
INTVEC$$Limit           0x008080         --   Gb  - Linker created -
Region$$Table$$Base     0x0080dc         --   Gb  - Linker created -
Region$$Table$$Limit    0x0080e4         --   Gb  - Linker created -
TIM4_ARR                0x005348   0x1  Data  Gb  Init_stm.o [1]
TIM4_OVR_UIF_Handler    0x00818a   0xc  Code  Gb  main.o [1]
_A_CLK_CKDIVR           0x0050c6   0x1  Data  Gb  Init_stm.o [1]
_A_EXTI_CR1             0x0050a0   0x1  Data  Gb  ADC_HX711.o [1]
_A_PB_CR1               0x005008   0x1  Data  Gb  Init_stm.o [1]
_A_PB_CR2               0x005009   0x1  Data  Gb  Init_stm.o [1]
_A_PB_DDR               0x005007   0x1  Data  Gb  Init_stm.o [1]
_A_PB_ODR               0x005005   0x1  Data  Gb  main.o [1]
_A_PD_CR1               0x005012   0x1  Data  Gb  ADC_HX711.o [1]
_A_PD_CR2               0x005013   0x1  Data  Gb  ADC_HX711.o [1]
_A_PD_DDR               0x005011   0x1  Data  Gb  ADC_HX711.o [1]
_A_PD_IDR               0x005010   0x1  Data  Gb  ADC_HX711.o [1]
_A_PD_ODR               0x00500f   0x1  Data  Gb  ADC_HX711.o [1]
_A_TIM4_CR1             0x005340   0x1  Data  Gb  Init_stm.o [1]
_A_TIM4_IER             0x005343   0x1  Data  Gb  Init_stm.o [1]
_A_TIM4_PSCR            0x005347   0x1  Data  Gb  Init_stm.o [1]
_A_TIM4_SR              0x005344   0x1  Data  Gb  main.o [1]
__DebugBreak            0x0081b0   0x1  Code  Gb  __dbg_break.o [3]
__exit                  0x008145  0x14  Code  Gb  __dbg_xxexit.o [3]
__iar_data_init2        0x008131  0x14  Code  Gb  init.o [4]
__iar_program_start     0x008159        Code  Gb  cstartup.o [4]
__iar_unhandled_exception
                        0x0081ad        Code  Gb  unhandled_exception.o [4]
__iar_zero_init2        0x0080e4        Code  Gb  init_small.o [4]
__intvec                0x008000        Data  Gb  interrupt.o [4]
__low_level_init        0x0081a7   0x3  Code  Gb  low_level_init.o [4]
_exit                   0x00819f        Code  Gb  cexit.o [4]
_interrupt_25           0x00818a        Code  Gb  main.o [1]
_interrupt_8            0x00816c        Code  Gb  ADC_HX711.o [1]
exit                    0x0081aa   0x3  Code  Gb  exit.o [4]
flag                    0x00000e   0x1  Data  Gb  main.o [1]
i                       0x00000c   0x2  Data  Gb  main.o [1]
init_ADC_pin            0x0080b9  0x23  Code  Gb  ADC_HX711.o [1]
init_gpio               0x00817d   0xd  Code  Gb  Init_stm.o [1]
init_rcc                0x008196   0x9  Code  Gb  Init_stm.o [1]
init_tim4               0x00811a  0x17  Code  Gb  Init_stm.o [1]
main                    0x008080  0x39  Code  Gb  main.o [1]


[1] = C:\Users\RSolovyov\iar\first_prjct\Debug\Obj
[2] = command line
[3] = dbgstm8smd.a
[4] = dlstm8smn.a

  297 bytes of readonly  code memory
  136 bytes of readonly  data memory
  271 bytes of readwrite data memory (+ 16 absolute)

Errors: none
Warnings: none
