###############################################################################
#
# IAR ELF Linker V3.11.1.207 for STM8                     19/May/2023  17:04:23
# Copyright 2010-2019 IAR Systems AB.
#
#    Output file  =  
#        C:\Users\RSolovyov\Documents\Iar_prjct\ADC_HX711_STM8\Debug\Exe\first.out
#    Map file     =  
#        C:\Users\RSolovyov\Documents\Iar_prjct\ADC_HX711_STM8\Debug\List\first.map
#    Command line =  
#        -f C:\Users\RSOLOV~1\AppData\Local\Temp\EW3C7C.tmp
#        (C:\Users\RSolovyov\Documents\Iar_prjct\ADC_HX711_STM8\Debug\Obj\ADC_HX711.o
#        C:\Users\RSolovyov\Documents\Iar_prjct\ADC_HX711_STM8\Debug\Obj\DS18B20.o
#        C:\Users\RSolovyov\Documents\Iar_prjct\ADC_HX711_STM8\Debug\Obj\Init_stm.o
#        C:\Users\RSolovyov\Documents\Iar_prjct\ADC_HX711_STM8\Debug\Obj\main.o
#        --redirect _Printf=_PrintfFullNoMb --redirect _Scanf=_ScanfFullNoMb
#        --no_out_extension -o
#        C:\Users\RSolovyov\Documents\Iar_prjct\ADC_HX711_STM8\Debug\Exe\first.out
#        --map
#        C:\Users\RSolovyov\Documents\Iar_prjct\ADC_HX711_STM8\Debug\List\first.map
#        --config "C:\Program Files (x86)\IAR Systems\Embedded Workbench
#        8.3\stm8\config\lnkstm8s103f3.icf" --config_def _CSTACK_SIZE=0x100
#        --config_def _HEAP_SIZE=0x100 --entry __iar_program_start --debug_lib)
#
###############################################################################

*******************************************************************************
*** RUNTIME MODEL ATTRIBUTES
***

__SystemLibrary            = DLib
__code_model               = small
__core                     = stm8
__data_model               = medium
__dlib_file_descriptor     = 0
__dlib_full_locale_support = 0
__rt_version               = 4


*******************************************************************************
*** PLACEMENT SUMMARY
***

"A0":  place at start of [0x000000-0x0000ff] { rw section .vregs };
"A1":  place at end of [0x000000-0x0003ff] { block CSTACK };
"P2":  place in [from 0x000000 to 0x0003ff] {
          block HEAP, rw section __DLIB_PERTHREAD, rw section .far.bss,
          rw section .far.data, rw section .far.noinit,
          rw section .far_func.textrw, rw section .huge.bss,
          rw section .huge.data, rw section .huge.noinit,
          rw section .huge_func.textrw, rw section .iar.dynexit,
          rw section .near.bss, rw section .near.data, rw section .near.noinit,
          rw section .near_func.textrw };
"A2":  place at start of [0x008000-0x009fff] { block INTVEC };
"P3":  place in [from 0x008000 to 0x009fff] {
          ro section __DLIB_PERTHREAD_init, ro section .far.data_init,
          ro section .far_func.textrw_init, ro section .huge.data_init,
          ro section .huge_func.textrw_init, ro section .iar.init_table,
          ro section .init_array, ro section .near.data_init,
          ro section .near.rodata, ro section .near_func.text,
          ro section .near_func.textrw_init, ro section .tiny.data_init,
          ro section .tiny.rodata_init };
"P4":  place in [from 0x008000 to 0x009fff] {
          ro section .far.rodata, ro section .far_func.text };
"P5":  place in [from 0x008000 to 0x009fff] {
          ro section .huge.rodata, ro section .huge_func.text };
do not initialize {
   rw section .eeprom.noinit, rw section .far.noinit, rw section .huge.noinit,
   rw section .near.noinit, rw section .tiny.noinit, rw section .vregs };
initialize by copy {
   rw section .far.bss, rw section .far.data, rw section .far_func.textrw,
   rw section .huge.bss, rw section .huge.data, rw section .huge_func.textrw,
   rw section .iar.dynexit, rw section .near.bss, rw section .near.data,
   rw section .near_func.textrw, rw section .tiny.bss, rw section .tiny.data,
   ro section .tiny.rodata };

No sections matched the following patterns:

  ro section .far.data_init          in "P3-P5"
  ro section .far.rodata             in "P3-P5"
  ro section .far_func.text          in "P3-P5"
  ro section .far_func.textrw_init   in "P3-P5"
  ro section .huge.data_init         in "P3-P5"
  ro section .huge.rodata            in "P3-P5"
  ro section .huge_func.text         in "P3-P5"
  ro section .huge_func.textrw_init  in "P3-P5"
  ro section .iar.init_table         in "P3-P5"
  ro section .init_array             in "P3-P5"
  ro section .near.rodata            in "P3-P5"
  ro section .near_func.textrw_init  in "P3-P5"
  ro section .tiny.data_init         in "P3-P5"
  ro section .tiny.rodata_init       in "P3-P5"
  ro section __DLIB_PERTHREAD_init   in "P3-P5"
  rw section .far.bss                in "P2"
  rw section .far.data               in "P2"
  rw section .far.noinit             in "P2"
  rw section .far_func.textrw        in "P2"
  rw section .huge.bss               in "P2"
  rw section .huge.data              in "P2"
  rw section .huge.noinit            in "P2"
  rw section .huge_func.textrw       in "P2"
  rw section .iar.dynexit            in "P2"
  rw section .near.noinit            in "P2"
  rw section .near_func.textrw       in "P2"
  rw section .tiny.bss               in "P1"
  rw section .tiny.data              in "P1"
  rw section .tiny.noinit            in "P1"
  rw section .tiny.rodata            in "P1"
  rw section __DLIB_PERTHREAD        in "P2"
  section .eeprom.data               in "P6-P8"
  section .eeprom.noinit             in "P6-P8"
  section .eeprom.rodata             in "P6-P8"


  Section            Kind      Address   Size  Object
  -------            ----      -------   ----  ------
"A0":                                     0xc
  .vregs             uninit   0x000000    0xc  vregs.o [4]
                            - 0x00000c    0xc

"P2":                                     0xd
  P2-1                        0x00000c    0xd  <Init block>
    .near.data       inited   0x00000c    0x2  ADC_HX711.o [1]
    .near.bss        inited   0x00000e    0x4  ADC_HX711.o [1]
    .near.bss        inited   0x000012    0x4  ADC_HX711.o [1]
    .near.bss        inited   0x000016    0x2  main.o [1]
    .near.bss        inited   0x000018    0x1  main.o [1]
                            - 0x000019    0xd

"A1":                                   0x100
  CSTACK                      0x000300  0x100  <Block>
    CSTACK           uninit   0x000300  0x100  <Block tail>
                            - 0x000400  0x100

Absolute sections, part 1 of 13:          0x1
  .near.noinit       uninit   0x005005    0x1  main.o [1]
                            - 0x005006    0x1

Absolute sections, part 2 of 13:          0x3
  .near.noinit       uninit   0x005007    0x1  Init_stm.o [1]
  .near.noinit       uninit   0x005008    0x1  Init_stm.o [1]
  .near.noinit       uninit   0x005009    0x1  Init_stm.o [1]
                            - 0x00500a    0x3

Absolute sections, part 3 of 13:          0x5
  .near.noinit       uninit   0x00500f    0x1  ADC_HX711.o [1]
  .near.noinit       uninit   0x005010    0x1  ADC_HX711.o [1]
  .near.noinit       uninit   0x005011    0x1  ADC_HX711.o [1]
  .near.noinit       uninit   0x005012    0x1  ADC_HX711.o [1]
  .near.noinit       uninit   0x005013    0x1  ADC_HX711.o [1]
                            - 0x005014    0x5

Absolute sections, part 4 of 13:          0x1
  .near.noinit       uninit   0x0050a0    0x1  ADC_HX711.o [1]
                            - 0x0050a1    0x1

Absolute sections, part 5 of 13:          0x1
  .near.noinit       uninit   0x0050c6    0x1  Init_stm.o [1]
                            - 0x0050c7    0x1

Absolute sections, part 6 of 13:          0x1
  .near.noinit       uninit   0x005250    0x1  Init_stm.o [1]
                            - 0x005251    0x1

Absolute sections, part 7 of 13:          0x1
  .near.noinit       uninit   0x005254    0x1  Init_stm.o [1]
                            - 0x005255    0x1

Absolute sections, part 8 of 13:          0x4
  .near.noinit       uninit   0x005260    0x1  Init_stm.o [1]
  .near.noinit       uninit   0x005261    0x1  Init_stm.o [1]
  .near.noinit       uninit   0x005262    0x1  Init_stm.o [1]
  .near.noinit       uninit   0x005263    0x1  Init_stm.o [1]
                            - 0x005264    0x4

Absolute sections, part 9 of 13:          0x1
  .near.noinit       uninit   0x005300    0x1  Init_stm.o [1]
                            - 0x005301    0x1

Absolute sections, part 10 of 13:         0x3
  .near.noinit       uninit   0x00530e    0x1  Init_stm.o [1]
  .near.noinit       uninit   0x00530f    0x1  Init_stm.o [1]
  .near.noinit       uninit   0x005310    0x1  Init_stm.o [1]
                            - 0x005311    0x3

Absolute sections, part 11 of 13:         0x1
  .near.noinit       uninit   0x005340    0x1  Init_stm.o [1]
                            - 0x005341    0x1

Absolute sections, part 12 of 13:         0x1
  .near.noinit       uninit   0x005343    0x1  Init_stm.o [1]
                            - 0x005344    0x1

Absolute sections, part 13 of 13:         0x3
  .near.noinit       uninit   0x005346    0x1  ADC_HX711.o [1]
  .near.noinit       uninit   0x005347    0x1  Init_stm.o [1]
  .near.noinit       uninit   0x005348    0x1  Init_stm.o [1]
                            - 0x005349    0x3

"A2":                                    0x80
  INTVEC                      0x008000   0x80  <Block>
    .intvec          const    0x008000   0x80  interrupt.o [4]
                            - 0x008080   0x80

"P3-P5":                                0x34e
  .near_func.text    ro code  0x008080   0xd8  ADC_HX711.o [1]
  .near_func.text    ro code  0x008158   0x5d  vreg_util.o [4]
  .near_func.text    ro code  0x0081b5   0x47  ADC_HX711.o [1]
  .near_func.text    ro code  0x0081fc   0x41  long.o [4]
  .near_func.text    ro code  0x00823d   0x3f  main.o [1]
  .near_func.text    ro code  0x00827c   0x28  init_small.o [4]
  .near_func.text    ro code  0x0082a4   0x23  ADC_HX711.o [1]
  .iar.init_table    const    0x0082c7    0xa  - Linker created -
  .near_func.text    ro code  0x0082d1   0x1a  long_util.o [4]
  .near_func.text    ro code  0x0082eb   0x19  Init_stm.o [1]
  .near_func.text    ro code  0x008304   0x19  main.o [1]
  .near_func.text    ro code  0x00831d   0x17  Init_stm.o [1]
  .near_func.text    ro code  0x008334   0x16  main.o [1]
  .near_func.text    ro code  0x00834a   0x14  init.o [4]
  .near_func.text    ro code  0x00835e   0x14  __dbg_xxexit.o [3]
  .near_func.text    ro code  0x008372   0x13  cstartup.o [4]
  .near_func.text    ro code  0x008385   0x11  Init_stm.o [1]
  .near_func.text    ro code  0x008396    0xd  Init_stm.o [1]
  Initializer bytes  const    0x0083a3    0xd  <for P2-1>
  .near_func.text    ro code  0x0083b0    0x9  Init_stm.o [1]
  .near_func.text    ro code  0x0083b9    0x5  cexit.o [4]
  .near_func.text    ro code  0x0083be    0x3  interrupt.o [4]
  .near_func.text    ro code  0x0083c1    0x3  low_level_init.o [4]
  .near_func.text    ro code  0x0083c4    0x3  exit.o [4]
  .near_func.text    ro code  0x0083c7    0x3  unhandled_exception.o [4]
  .near_func.text    ro code  0x0083ca    0x1  DS18B20.o [1]
  .near_func.text    ro code  0x0083cb    0x1  DS18B20.o [1]
  .near_func.text    ro code  0x0083cc    0x1  main.o [1]
  .near_func.text    ro code  0x0083cd    0x1  __dbg_break.o [3]
                            - 0x0083ce  0x34e


*******************************************************************************
*** INIT TABLE
***

          Address   Size
          -------   ----
Copy (__iar_copy_init2)
    1 source range, total size 0xd:
          0x0083a3   0xd
    1 destination range, total size 0xd:
          0x00000c   0xd



*******************************************************************************
*** MODULE SUMMARY
***

    Module                 ro code  ro data  rw data  rw data
                                                       (abs)
    ------                 -------  -------  -------  -------
C:\Users\RSolovyov\Documents\Iar_prjct\ADC_HX711_STM8\Debug\Obj: [1]
    ADC_HX711.o                322       10       10        7
    DS18B20.o                    2
    Init_stm.o                  87                         18
    main.o                     111        3        3        1
    ---------------------------------------------------------
    Total:                     522       13       13       26

command line: [2]
    ---------------------------------------------------------
    Total:

dbgstm8smd.a: [3]
    __dbg_break.o                1
    __dbg_xxexit.o              20
    ---------------------------------------------------------
    Total:                      21

dlstm8smn.a: [4]
    cexit.o                      5
    cstartup.o                  19
    exit.o                       3
    init.o                      20
    init_small.o                40
    interrupt.o                  3      128
    long.o                      65
    long_util.o                 26
    low_level_init.o             3
    unhandled_exception.o        3
    vreg_util.o                 93
    vregs.o                                       12
    ---------------------------------------------------------
    Total:                     280      128       12

    Linker created                       10      256
-------------------------------------------------------------
    Grand Total:               823      151      281       26


*******************************************************************************
*** ENTRY LIST
***

Entry                    Address  Size  Type      Object
-----                    -------  ----  ----      ------
.iar.init_table$$Base   0x0082c7         --   Gb  - Linker created -
.iar.init_table$$Limit  0x0082d1         --   Gb  - Linker created -
?b0                     0x000000        Data  Gb  vregs.o [4]
?b1                     0x000001        Data  Gb  vregs.o [4]
?b10                    0x00000a        Data  Gb  vregs.o [4]
?b11                    0x00000b        Data  Gb  vregs.o [4]
?b2                     0x000002        Data  Gb  vregs.o [4]
?b3                     0x000003        Data  Gb  vregs.o [4]
?b4                     0x000004        Data  Gb  vregs.o [4]
?b5                     0x000005        Data  Gb  vregs.o [4]
?b6                     0x000006        Data  Gb  vregs.o [4]
?b7                     0x000007        Data  Gb  vregs.o [4]
?b8                     0x000008        Data  Gb  vregs.o [4]
?b9                     0x000009        Data  Gb  vregs.o [4]
?e0                     0x000001        Data  Gb  vregs.o [4]
?e1                     0x000005        Data  Gb  vregs.o [4]
?e2                     0x000009        Data  Gb  vregs.o [4]
?l0                     0x000000        Data  Gb  vregs.o [4]
?l1                     0x000004        Data  Gb  vregs.o [4]
?l2                     0x000008        Data  Gb  vregs.o [4]
?load32_0x_l0           0x0082dd        Code  Gb  long_util.o [4]
?load32_l0_0x           0x0082d1        Code  Gb  long_util.o [4]
?or32_l0_l0_0x          0x0081fc        Code  Gb  long.o [4]
?pop_l0                 0x008197        Code  Gb  vreg_util.o [4]
?pop_l1                 0x0081a2        Code  Gb  vreg_util.o [4]
?push_l0                0x008170        Code  Gb  vreg_util.o [4]
?push_l1                0x008175        Code  Gb  vreg_util.o [4]
?push_w4                0x008158        Code  Gb  vreg_util.o [4]
?sll32_0x_0x_a          0x00822f        Code  Gb  long.o [4]
?sll32_l0_l0_a          0x00822c        Code  Gb  long.o [4]
?w0                     0x000000        Data  Gb  vregs.o [4]
?w1                     0x000002        Data  Gb  vregs.o [4]
?w2                     0x000004        Data  Gb  vregs.o [4]
?w3                     0x000006        Data  Gb  vregs.o [4]
?w4                     0x000008        Data  Gb  vregs.o [4]
?w5                     0x00000a        Data  Gb  vregs.o [4]
?xor32_l0_l0_0x         0x008214        Code  Gb  long.o [4]
CSTACK$$Base            0x000300         --   Gb  - Linker created -
CSTACK$$Limit           0x000400         --   Gb  - Linker created -
EXTI2_Handler           0x0081b5  0x47  Code  Gb  ADC_HX711.o [1]
INTVEC$$Base            0x008000         --   Gb  - Linker created -
INTVEC$$Limit           0x008080         --   Gb  - Linker created -
Region$$Table$$Base     0x0082c7         --   Gb  - Linker created -
Region$$Table$$Limit    0x0082d1         --   Gb  - Linker created -
TIM1_ARRH               0x005262   0x1  Data  Gb  Init_stm.o [1]
TIM1_ARRL               0x005263   0x1  Data  Gb  Init_stm.o [1]
TIM1_OVR_UIF_Handler    0x0083cc   0x1  Code  Gb  main.o [1]
TIM1_PSCRH              0x005260   0x1  Data  Gb  Init_stm.o [1]
TIM1_PSCRL              0x005261   0x1  Data  Gb  Init_stm.o [1]
TIM2_ARRH               0x00530f   0x1  Data  Gb  Init_stm.o [1]
TIM2_ARRL               0x005310   0x1  Data  Gb  Init_stm.o [1]
TIM2_OVR_UIF_Handler    0x008304  0x19  Code  Gb  main.o [1]
TIM4_ARR                0x005348   0x1  Data  Gb  Init_stm.o [1]
TIM4_CNTR               0x005346   0x1  Data  Gb  ADC_HX711.o [1]
TIM4_OVR_UIF_Handler    0x008334  0x16  Code  Gb  main.o [1]
_A_CLK_CKDIVR           0x0050c6   0x1  Data  Gb  Init_stm.o [1]
_A_EXTI_CR1             0x0050a0   0x1  Data  Gb  ADC_HX711.o [1]
_A_PB_CR1               0x005008   0x1  Data  Gb  Init_stm.o [1]
_A_PB_CR2               0x005009   0x1  Data  Gb  Init_stm.o [1]
_A_PB_DDR               0x005007   0x1  Data  Gb  Init_stm.o [1]
_A_PB_ODR               0x005005   0x1  Data  Gb  main.o [1]
_A_PD_CR1               0x005012   0x1  Data  Gb  ADC_HX711.o [1]
_A_PD_CR2               0x005013   0x1  Data  Gb  ADC_HX711.o [1]
_A_PD_DDR               0x005011   0x1  Data  Gb  ADC_HX711.o [1]
_A_PD_IDR               0x005010   0x1  Data  Gb  ADC_HX711.o [1]
_A_PD_ODR               0x00500f   0x1  Data  Gb  ADC_HX711.o [1]
_A_TIM1_CR1             0x005250   0x1  Data  Gb  Init_stm.o [1]
_A_TIM1_IER             0x005254   0x1  Data  Gb  Init_stm.o [1]
_A_TIM2_CR1             0x005300   0x1  Data  Gb  Init_stm.o [1]
_A_TIM2_PSCR            0x00530e   0x1  Data  Gb  Init_stm.o [1]
_A_TIM4_CR1             0x005340   0x1  Data  Gb  Init_stm.o [1]
_A_TIM4_IER             0x005343   0x1  Data  Gb  Init_stm.o [1]
_A_TIM4_PSCR            0x005347   0x1  Data  Gb  Init_stm.o [1]
__DebugBreak            0x0083cd   0x1  Code  Gb  __dbg_break.o [3]
__exit                  0x00835e  0x14  Code  Gb  __dbg_xxexit.o [3]
__iar_copy_init2        0x00827c        Code  Gb  init_small.o [4]
__iar_data_init2        0x00834a  0x14  Code  Gb  init.o [4]
__iar_program_start     0x008372        Code  Gb  cstartup.o [4]
__iar_unhandled_exception
                        0x0083c7        Code  Gb  unhandled_exception.o [4]
__intvec                0x008000        Data  Gb  interrupt.o [4]
__low_level_init        0x0083c1   0x3  Code  Gb  low_level_init.o [4]
_exit                   0x0083b9        Code  Gb  cexit.o [4]
_interrupt_13           0x0083cc        Code  Gb  main.o [1]
_interrupt_15           0x008304        Code  Gb  main.o [1]
_interrupt_25           0x008334        Code  Gb  main.o [1]
_interrupt_8            0x0081b5        Code  Gb  ADC_HX711.o [1]
adc_flag                0x00000c   0x2  Data  Gb  ADC_HX711.o [1]
adc_new_value           0x000012   0x4  Data  Gb  ADC_HX711.o [1]
adc_value               0x00000e   0x4  Data  Gb  ADC_HX711.o [1]
exit                    0x0083c4   0x3  Code  Gb  exit.o [4]
flag                    0x000018   0x1  Data  Gb  main.o [1]
i                       0x000016   0x2  Data  Gb  main.o [1]
init_ADC_pin            0x0082a4  0x23  Code  Gb  ADC_HX711.o [1]
init_gpio               0x008396   0xd  Code  Gb  Init_stm.o [1]
init_rcc                0x0083b0   0x9  Code  Gb  Init_stm.o [1]
init_tim1               0x0082eb  0x19  Code  Gb  Init_stm.o [1]
init_tim2               0x008385  0x11  Code  Gb  Init_stm.o [1]
init_tim4               0x00831d  0x17  Code  Gb  Init_stm.o [1]
main                    0x00823d  0x3f  Code  Gb  main.o [1]
read_DS18B20            0x0083ca   0x1  Code  Gb  DS18B20.o [1]
read_data_ADC           0x008080  0xd8  Code  Gb  ADC_HX711.o [1]
write_DS18B20           0x0083cb   0x1  Code  Gb  DS18B20.o [1]


[1] = C:\Users\RSolovyov\Documents\Iar_prjct\ADC_HX711_STM8\Debug\Obj
[2] = command line
[3] = dbgstm8smd.a
[4] = dlstm8smn.a

  823 bytes of readonly  code memory
  151 bytes of readonly  data memory
  281 bytes of readwrite data memory (+ 26 absolute)

Errors: none
Warnings: none
