###############################################################################
#
# IAR ELF Linker V3.11.1.207 for STM8                     26/May/2023  10:19:15
# Copyright 2010-2019 IAR Systems AB.
#
#    Output file  =  
#        C:\Users\RSolovyov\Documents\Iar_prjct\ADC_HX711_STM8\Debug\Exe\first.out
#    Map file     =  
#        C:\Users\RSolovyov\Documents\Iar_prjct\ADC_HX711_STM8\Debug\List\first.map
#    Command line =  
#        -f C:\Users\RSOLOV~1\AppData\Local\Temp\EWE783.tmp
#        (C:\Users\RSolovyov\Documents\Iar_prjct\ADC_HX711_STM8\Debug\Obj\ADC_HX711.o
#        C:\Users\RSolovyov\Documents\Iar_prjct\ADC_HX711_STM8\Debug\Obj\DS18B20.o
#        C:\Users\RSolovyov\Documents\Iar_prjct\ADC_HX711_STM8\Debug\Obj\Init_stm.o
#        C:\Users\RSolovyov\Documents\Iar_prjct\ADC_HX711_STM8\Debug\Obj\main.o
#        C:\Users\RSolovyov\Documents\Iar_prjct\ADC_HX711_STM8\Debug\Obj\Uart.o
#        --redirect _Printf=_PrintfFullNoMb --redirect _Scanf=_ScanfFullNoMb
#        --no_out_extension -o
#        C:\Users\RSolovyov\Documents\Iar_prjct\ADC_HX711_STM8\Debug\Exe\first.out
#        --map
#        C:\Users\RSolovyov\Documents\Iar_prjct\ADC_HX711_STM8\Debug\List\first.map
#        --config "C:\Program Files (x86)\IAR Systems\Embedded Workbench
#        8.3\stm8\config\lnkstm8s103f3.icf" --config_def _CSTACK_SIZE=0x100
#        --config_def _HEAP_SIZE=0x100 --entry __iar_program_start --debug_lib)
#
###############################################################################

*******************************************************************************
*** RUNTIME MODEL ATTRIBUTES
***

__SystemLibrary            = DLib
__code_model               = small
__core                     = stm8
__data_model               = medium
__dlib_file_descriptor     = 0
__dlib_full_locale_support = 0
__rt_version               = 4


*******************************************************************************
*** PLACEMENT SUMMARY
***

"A0":  place at start of [0x000000-0x0000ff] { rw section .vregs };
"A1":  place at end of [0x000000-0x0003ff] { block CSTACK };
"P2":  place in [from 0x000000 to 0x0003ff] {
          block HEAP, rw section __DLIB_PERTHREAD, rw section .far.bss,
          rw section .far.data, rw section .far.noinit,
          rw section .far_func.textrw, rw section .huge.bss,
          rw section .huge.data, rw section .huge.noinit,
          rw section .huge_func.textrw, rw section .iar.dynexit,
          rw section .near.bss, rw section .near.data, rw section .near.noinit,
          rw section .near_func.textrw };
"A2":  place at start of [0x008000-0x009fff] { block INTVEC };
"P3":  place in [from 0x008000 to 0x009fff] {
          ro section __DLIB_PERTHREAD_init, ro section .far.data_init,
          ro section .far_func.textrw_init, ro section .huge.data_init,
          ro section .huge_func.textrw_init, ro section .iar.init_table,
          ro section .init_array, ro section .near.data_init,
          ro section .near.rodata, ro section .near_func.text,
          ro section .near_func.textrw_init, ro section .tiny.data_init,
          ro section .tiny.rodata_init };
"P4":  place in [from 0x008000 to 0x009fff] {
          ro section .far.rodata, ro section .far_func.text };
"P5":  place in [from 0x008000 to 0x009fff] {
          ro section .huge.rodata, ro section .huge_func.text };
do not initialize {
   rw section .eeprom.noinit, rw section .far.noinit, rw section .huge.noinit,
   rw section .near.noinit, rw section .tiny.noinit, rw section .vregs };
initialize by copy {
   rw section .far.bss, rw section .far.data, rw section .far_func.textrw,
   rw section .huge.bss, rw section .huge.data, rw section .huge_func.textrw,
   rw section .iar.dynexit, rw section .near.bss, rw section .near.data,
   rw section .near_func.textrw, rw section .tiny.bss, rw section .tiny.data,
   ro section .tiny.rodata };

No sections matched the following patterns:

  ro section .far.data_init          in "P3-P5"
  ro section .far.rodata             in "P3-P5"
  ro section .far_func.text          in "P3-P5"
  ro section .far_func.textrw_init   in "P3-P5"
  ro section .huge.data_init         in "P3-P5"
  ro section .huge.rodata            in "P3-P5"
  ro section .huge_func.text         in "P3-P5"
  ro section .huge_func.textrw_init  in "P3-P5"
  ro section .iar.init_table         in "P3-P5"
  ro section .init_array             in "P3-P5"
  ro section .near.rodata            in "P3-P5"
  ro section .near_func.textrw_init  in "P3-P5"
  ro section .tiny.data_init         in "P3-P5"
  ro section .tiny.rodata_init       in "P3-P5"
  ro section __DLIB_PERTHREAD_init   in "P3-P5"
  rw section .far.bss                in "P2"
  rw section .far.data               in "P2"
  rw section .far.noinit             in "P2"
  rw section .far_func.textrw        in "P2"
  rw section .huge.bss               in "P2"
  rw section .huge.data              in "P2"
  rw section .huge.noinit            in "P2"
  rw section .huge_func.textrw       in "P2"
  rw section .iar.dynexit            in "P2"
  rw section .near.noinit            in "P2"
  rw section .near_func.textrw       in "P2"
  rw section .tiny.bss               in "P1"
  rw section .tiny.data              in "P1"
  rw section .tiny.noinit            in "P1"
  rw section .tiny.rodata            in "P1"
  rw section __DLIB_PERTHREAD        in "P2"
  section .eeprom.data               in "P6-P8"
  section .eeprom.noinit             in "P6-P8"
  section .eeprom.rodata             in "P6-P8"


  Section            Kind      Address   Size  Object
  -------            ----      -------   ----  ------
"A0":                                    0x10
  .vregs             uninit   0x000000   0x10  vregs.o [4]
                            - 0x000010   0x10

"P2", part 1 of 2:                        0xa
  P2-1                        0x000010    0xa  <Init block>
    .near.data       inited   0x000010    0x4  ADC_HX711.o [1]
    .near.data       inited   0x000014    0x4  ADC_HX711.o [1]
    .near.data       inited   0x000018    0x2  main.o [1]
                            - 0x00001a    0xa

"P2", part 2 of 2:                       0x49
  .near.bss          zero     0x00001a   0x14  Uart.o [1]
  .near.bss          zero     0x00002e   0x14  Uart.o [1]
  .near.bss          zero     0x000042    0x4  ADC_HX711.o [1]
  .near.bss          zero     0x000046    0x4  ADC_HX711.o [1]
  .near.bss          zero     0x00004a    0x4  ADC_HX711.o [1]
  .near.bss          zero     0x00004e    0x4  ADC_HX711.o [1]
  .near.bss          zero     0x000052    0x4  main.o [1]
  .near.bss          zero     0x000056    0x2  main.o [1]
  .near.bss          zero     0x000058    0x1  ADC_HX711.o [1]
  .near.bss          zero     0x000059    0x1  ADC_HX711.o [1]
  .near.bss          zero     0x00005a    0x1  DS18B20.o [1]
  .near.bss          zero     0x00005b    0x1  DS18B20.o [1]
  .near.bss          zero     0x00005c    0x1  main.o [1]
  .near.bss          zero     0x00005d    0x1  main.o [1]
  .near.bss          zero     0x00005e    0x1  main.o [1]
  .near.bss          zero     0x00005f    0x1  Uart.o [1]
  .near.bss          zero     0x000060    0x1  Uart.o [1]
  .near.bss          zero     0x000061    0x1  Uart.o [1]
  .near.bss          zero     0x000062    0x1  Uart.o [1]
                            - 0x000063   0x49

"A1":                                   0x100
  CSTACK                      0x000300  0x100  <Block>
    CSTACK           uninit   0x000300  0x100  <Block tail>
                            - 0x000400  0x100

Absolute sections, part 1 of 13:          0xa
  .near.noinit       uninit   0x00500a    0x1  main.o [1]
  .near.noinit       uninit   0x00500b    0x1  main.o [1]
  .near.noinit       uninit   0x00500c    0x1  Init_stm.o [1]
  .near.noinit       uninit   0x00500d    0x1  Init_stm.o [1]
  .near.noinit       uninit   0x00500e    0x1  Init_stm.o [1]
  .near.noinit       uninit   0x00500f    0x1  main.o [1]
  .near.noinit       uninit   0x005010    0x1  DS18B20.o [1]
  .near.noinit       uninit   0x005011    0x1  Uart.o [1]
  .near.noinit       uninit   0x005012    0x1  Uart.o [1]
  .near.noinit       uninit   0x005013    0x1  Init_stm.o [1]
                            - 0x005014    0xa

Absolute sections, part 2 of 13:          0x1
  .near.noinit       uninit   0x0050a0    0x1  ADC_HX711.o [1]
                            - 0x0050a1    0x1

Absolute sections, part 3 of 13:          0x2
  .near.noinit       uninit   0x0050c6    0x1  Init_stm.o [1]
  .near.noinit       uninit   0x0050c7    0x1  Init_stm.o [1]
                            - 0x0050c8    0x2

Absolute sections, part 4 of 13:          0x1
  .near.noinit       uninit   0x0050f3    0x1  Init_stm.o [1]
                            - 0x0050f4    0x1

Absolute sections, part 5 of 13:          0x5
  .near.noinit       uninit   0x005200    0x1  ADC_HX711.o [1]
  .near.noinit       uninit   0x005201    0x1  ADC_HX711.o [1]
  .near.noinit       uninit   0x005202    0x1  ADC_HX711.o [1]
  .near.noinit       uninit   0x005203    0x1  ADC_HX711.o [1]
  .near.noinit       uninit   0x005204    0x1  ADC_HX711.o [1]
                            - 0x005205    0x5

Absolute sections, part 6 of 13:          0x4
  .near.noinit       uninit   0x005230    0x1  Uart.o [1]
  .near.noinit       uninit   0x005231    0x1  Uart.o [1]
  .near.noinit       uninit   0x005232    0x1  Uart.o [1]
  .near.noinit       uninit   0x005233    0x1  Uart.o [1]
                            - 0x005234    0x4

Absolute sections, part 7 of 13:          0x1
  .near.noinit       uninit   0x005235    0x1  Uart.o [1]
                            - 0x005236    0x1

Absolute sections, part 8 of 13:          0x1
  .near.noinit       uninit   0x005250    0x1  Init_stm.o [1]
                            - 0x005251    0x1

Absolute sections, part 9 of 13:          0x2
  .near.noinit       uninit   0x005254    0x1  Init_stm.o [1]
  .near.noinit       uninit   0x005255    0x1  main.o [1]
                            - 0x005256    0x2

Absolute sections, part 10 of 13:         0x4
  .near.noinit       uninit   0x005260    0x1  Init_stm.o [1]
  .near.noinit       uninit   0x005261    0x1  Init_stm.o [1]
  .near.noinit       uninit   0x005262    0x1  Init_stm.o [1]
  .near.noinit       uninit   0x005263    0x1  Init_stm.o [1]
                            - 0x005264    0x4

Absolute sections, part 11 of 13:         0x1
  .near.noinit       uninit   0x005300    0x1  Init_stm.o [1]
                            - 0x005301    0x1

Absolute sections, part 12 of 13:         0x2
  .near.noinit       uninit   0x005303    0x1  main.o [1]
  .near.noinit       uninit   0x005304    0x1  main.o [1]
                            - 0x005305    0x2

Absolute sections, part 13 of 13:         0x5
  .near.noinit       uninit   0x00530c    0x1  main.o [1]
  .near.noinit       uninit   0x00530d    0x1  main.o [1]
  .near.noinit       uninit   0x00530e    0x1  Init_stm.o [1]
  .near.noinit       uninit   0x00530f    0x1  main.o [1]
  .near.noinit       uninit   0x005310    0x1  main.o [1]
                            - 0x005311    0x5

"A2":                                    0x80
  INTVEC                      0x008000   0x80  <Block>
    .intvec          const    0x008000   0x80  interrupt.o [4]
                            - 0x008080   0x80

"P3-P5":                                0xfb4
  .near_func.text    ro code  0x008080  0x2fd  float.o [4]
  .near_func.text    ro code  0x00837d  0x1f6  long.o [4]
  .near_func.text    ro code  0x008573  0x162  main.o [1]
  .near_func.text    ro code  0x0086d5   0xf2  vreg_util.o [4]
  .near_func.text    ro code  0x0087c7   0xd0  main.o [1]
  .near_func.text    ro code  0x008897   0xaa  main.o [1]
  .near_func.text    ro code  0x008941   0x92  DS18B20.o [1]
  .near_func.text    ro code  0x0089d3   0x7e  ADC_HX711.o [1]
  .near_func.text    ro code  0x008a51   0x5a  main.o [1]
  .near_func.text    ro code  0x008aab   0x55  main.o [1]
  .near_func.text    ro code  0x008b00   0x52  long_util.o [4]
  .near_func.text    ro code  0x008b52   0x4c  DS18B20.o [1]
  .near_func.text    ro code  0x008b9e   0x4b  main.o [1]
  .near_func.text    ro code  0x008be9   0x49  main.o [1]
  .near_func.text    ro code  0x008c32   0x48  Uart.o [1]
  .near_func.text    ro code  0x008c7a   0x39  main.o [1]
  .near_func.text    ro code  0x008cb3   0x37  DS18B20.o [1]
  .near_func.text    ro code  0x008cea   0x33  char.o [4]
  .near_func.text    ro code  0x008d1d   0x2e  ADC_HX711.o [1]
  .near_func.text    ro code  0x008d4b   0x2c  ADC_HX711.o [1]
  .near_func.text    ro code  0x008d77   0x2c  Uart.o [1]
  .near_func.text    ro code  0x008da3   0x29  Uart.o [1]
  .near_func.text    ro code  0x008dcc   0x29  short.o [4]
  .near_func.text    ro code  0x008df5   0x28  Uart.o [1]
  .near_func.text    ro code  0x008e1d   0x28  init_small.o [4]
  .near_func.text    ro code  0x008e45   0x24  ADC_HX711.o [1]
  .near_func.text    ro code  0x008e69   0x23  ADC_HX711.o [1]
  .iar.init_table    const    0x008e8c   0x12  - Linker created -
  .near_func.text    ro code  0x008e9e   0x1e  init_small.o [4]
  .near_func.text    ro code  0x008ebc   0x1d  DS18B20.o [1]
  .near_func.text    ro code  0x008ed9   0x1d  Init_stm.o [1]
  .near_func.text    ro code  0x008ef6   0x1d  Init_stm.o [1]
  .near_func.text    ro code  0x008f13   0x1b  main.o [1]
  .near_func.text    ro code  0x008f2e   0x19  Init_stm.o [1]
  .near_func.text    ro code  0x008f47   0x17  ADC_HX711.o [1]
  .near_func.text    ro code  0x008f5e   0x15  Init_stm.o [1]
  .near_func.text    ro code  0x008f73   0x14  init.o [4]
  .near_func.text    ro code  0x008f87   0x14  __dbg_xxexit.o [3]
  .near_func.text    ro code  0x008f9b   0x13  cstartup.o [4]
  .near_func.text    ro code  0x008fae    0xd  ADC_HX711.o [1]
  .near_func.text    ro code  0x008fbb    0xd  ADC_HX711.o [1]
  .near_func.text    ro code  0x008fc8    0xd  Init_stm.o [1]
  .near_func.text    ro code  0x008fd5    0xd  Init_stm.o [1]
  .near_func.text    ro code  0x008fe2    0xd  dc_util.o [4]
  .near_func.text    ro code  0x008fef    0xc  ADC_HX711.o [1]
  .near_func.text    ro code  0x008ffb    0xb  abs.o [4]
  Initializer bytes  const    0x009006    0xa  <for P2-1>
  .near_func.text    ro code  0x009010    0x9  ADC_HX711.o [1]
  .near_func.text    ro code  0x009019    0x9  ADC_HX711.o [1]
  .near_func.text    ro code  0x009022    0x5  cexit.o [4]
  .near_func.text    ro code  0x009027    0x3  interrupt.o [4]
  .near_func.text    ro code  0x00902a    0x3  low_level_init.o [4]
  .near_func.text    ro code  0x00902d    0x3  exit.o [4]
  .near_func.text    ro code  0x009030    0x3  unhandled_exception.o [4]
  .near_func.text    ro code  0x009033    0x1  __dbg_break.o [3]
                            - 0x009034  0xfb4


*******************************************************************************
*** INIT TABLE
***

          Address   Size
          -------   ----
Zero (__iar_zero_init2)
    1 destination range, total size 0x49:
          0x00001a  0x49

Copy (__iar_copy_init2)
    1 source range, total size 0xa:
          0x009006   0xa
    1 destination range, total size 0xa:
          0x000010   0xa



*******************************************************************************
*** MODULE SUMMARY
***

    Module                 ro code  ro data  rw data  rw data
                                                       (abs)
    ------                 -------  -------  -------  -------
C:\Users\RSolovyov\Documents\Iar_prjct\ADC_HX711_STM8\Debug\Obj: [1]
    ADC_HX711.o                366        8       26        6
    DS18B20.o                  306                 2        1
    Init_stm.o                 130                         15
    Uart.o                     197                44        7
    main.o                   1 139        2       11       10
    ---------------------------------------------------------
    Total:                   2 138       10       83       39

command line: [2]
    ---------------------------------------------------------
    Total:

dbgstm8smd.a: [3]
    __dbg_break.o                1
    __dbg_xxexit.o              20
    ---------------------------------------------------------
    Total:                      21

dlstm8smn.a: [4]
    abs.o                       11
    cexit.o                      5
    char.o                      51
    cstartup.o                  19
    dc_util.o                   13
    exit.o                       3
    float.o                    765
    init.o                      20
    init_small.o                70
    interrupt.o                  3      128
    long.o                     502
    long_util.o                 82
    low_level_init.o             3
    short.o                     41
    unhandled_exception.o        3
    vreg_util.o                242
    vregs.o                                       16
    ---------------------------------------------------------
    Total:                   1 833      128       16

    Linker created                       18      256
-------------------------------------------------------------
    Grand Total:             3 992      156      355       39


*******************************************************************************
*** ENTRY LIST
***

Entry                    Address   Size  Type      Object
-----                    -------   ----  ----      ------
.iar.init_table$$Base   0x008e8c          --   Gb  - Linker created -
.iar.init_table$$Limit  0x008e9e          --   Gb  - Linker created -
?add32_l0_l0_0x         0x0083a9         Code  Gb  long.o [4]
?add32_l0_l0_l1         0x0083a6         Code  Gb  long.o [4]
?b0                     0x000000         Data  Gb  vregs.o [4]
?b1                     0x000001         Data  Gb  vregs.o [4]
?b10                    0x00000a         Data  Gb  vregs.o [4]
?b11                    0x00000b         Data  Gb  vregs.o [4]
?b12                    0x00000c         Data  Gb  vregs.o [4]
?b13                    0x00000d         Data  Gb  vregs.o [4]
?b14                    0x00000e         Data  Gb  vregs.o [4]
?b15                    0x00000f         Data  Gb  vregs.o [4]
?b2                     0x000002         Data  Gb  vregs.o [4]
?b3                     0x000003         Data  Gb  vregs.o [4]
?b4                     0x000004         Data  Gb  vregs.o [4]
?b5                     0x000005         Data  Gb  vregs.o [4]
?b6                     0x000006         Data  Gb  vregs.o [4]
?b7                     0x000007         Data  Gb  vregs.o [4]
?b8                     0x000008         Data  Gb  vregs.o [4]
?b9                     0x000009         Data  Gb  vregs.o [4]
?dc32_l1                0x008fe2         Code  Gb  dc_util.o [4]
?dec32_0x_0x            0x008392         Code  Gb  long.o [4]
?dec32_l0_l0            0x00838d         Code  Gb  long.o [4]
?e0                     0x000001         Data  Gb  vregs.o [4]
?e1                     0x000005         Data  Gb  vregs.o [4]
?e2                     0x000009         Data  Gb  vregs.o [4]
?e3                     0x00000d         Data  Gb  vregs.o [4]
?epilogue_l2            0x008764         Code  Gb  vreg_util.o [4]
?epilogue_l2_l3         0x008761         Code  Gb  vreg_util.o [4]
?epilogue_w4            0x008768         Code  Gb  vreg_util.o [4]
?fcastf32s32_l0_l0      0x00822d         Code  Gb  float.o [4]
?fcasts32f32_l0_l0      0x0081cc         Code  Gb  float.o [4]
?fdiv32_l0_l0_l1        0x00811e         Code  Gb  float.o [4]
?fmul32_l0_l0_0x        0x008080         Code  Gb  float.o [4]
?fmul32_l0_l0_l1        0x008083         Code  Gb  float.o [4]
?l0                     0x000000         Data  Gb  vregs.o [4]
?l1                     0x000004         Data  Gb  vregs.o [4]
?l2                     0x000008         Data  Gb  vregs.o [4]
?l3                     0x00000c         Data  Gb  vregs.o [4]
?load32_0x_l0           0x008b44         Code  Gb  long_util.o [4]
?load32_l0_0x           0x008b10         Code  Gb  long_util.o [4]
?load32_l0_asp          0x008b05         Code  Gb  long_util.o [4]
?load32_l0_dbsp         0x008b00         Code  Gb  long_util.o [4]
?load32_l0_xsp          0x008b07         Code  Gb  long_util.o [4]
?load32_l1_0x           0x008b1c         Code  Gb  long_util.o [4]
?load32_l2_0x           0x008b38         Code  Gb  long_util.o [4]
?load32_l2_asp          0x008b2d         Code  Gb  long_util.o [4]
?load32_l2_dbsp         0x008b28         Code  Gb  long_util.o [4]
?load32_l2_xsp          0x008b2f         Code  Gb  long_util.o [4]
?mov_e0_e1              0x00876f         Code  Gb  vreg_util.o [4]
?mov_e0_e2              0x00877c         Code  Gb  vreg_util.o [4]
?mov_e1_e0              0x008789         Code  Gb  vreg_util.o [4]
?mov_e1_e2              0x008796         Code  Gb  vreg_util.o [4]
?mov_e1_e3              0x0087a3         Code  Gb  vreg_util.o [4]
?mov_e2_e0              0x0087b0         Code  Gb  vreg_util.o [4]
?mov_e3_e1              0x0087bd         Code  Gb  vreg_util.o [4]
?mov_l0_l1              0x00876c         Code  Gb  vreg_util.o [4]
?mov_l0_l2              0x008779         Code  Gb  vreg_util.o [4]
?mov_l1_l0              0x008786         Code  Gb  vreg_util.o [4]
?mov_l1_l2              0x008793         Code  Gb  vreg_util.o [4]
?mov_l1_l3              0x0087a0         Code  Gb  vreg_util.o [4]
?mov_l2_l0              0x0087ad         Code  Gb  vreg_util.o [4]
?mov_l3_l1              0x0087ba         Code  Gb  vreg_util.o [4]
?mov_w1_w3              0x008772         Code  Gb  vreg_util.o [4]
?mov_w1_w5              0x00877f         Code  Gb  vreg_util.o [4]
?mov_w3_w1              0x00878c         Code  Gb  vreg_util.o [4]
?mov_w3_w5              0x008799         Code  Gb  vreg_util.o [4]
?mov_w3_w7              0x0087a6         Code  Gb  vreg_util.o [4]
?mov_w5_w1              0x0087b3         Code  Gb  vreg_util.o [4]
?mov_w7_w3              0x0087c0         Code  Gb  vreg_util.o [4]
?mul32_l0_l0_l1         0x0083dc         Code  Gb  long.o [4]
?neg32_l0_l0            0x00837d         Code  Gb  long.o [4]
?or32_l0_l0_0x          0x008527         Code  Gb  long.o [4]
?pop_l0                 0x00872d         Code  Gb  vreg_util.o [4]
?pop_l1                 0x008738         Code  Gb  vreg_util.o [4]
?pop_l2                 0x008743         Code  Gb  vreg_util.o [4]
?pop_l3                 0x00874e         Code  Gb  vreg_util.o [4]
?pop_w4                 0x0086ed         Code  Gb  vreg_util.o [4]
?push_l0                0x0086fc         Code  Gb  vreg_util.o [4]
?push_l1                0x008701         Code  Gb  vreg_util.o [4]
?push_l2                0x008706         Code  Gb  vreg_util.o [4]
?push_l3                0x00870b         Code  Gb  vreg_util.o [4]
?push_w4                0x0086d5         Code  Gb  vreg_util.o [4]
?scmp32_c_l0_l1         0x008510         Code  Gb  long.o [4]
?sdiv16_x_x_y           0x008dcc         Code  Gb  short.o [4]
?sdiv32_l0_l0_dl        0x0084c7         Code  Gb  long.o [4]
?sdiv32_l0_l0_l1        0x0084ca         Code  Gb  long.o [4]
?sdiv8_xl_a_b0          0x008cea         Code  Gb  char.o [4]
?sext32_l0_x            0x008568         Code  Gb  long.o [4]
?sll32_0x_0x_a          0x00855a         Code  Gb  long.o [4]
?sll32_l0_l0_a          0x008557         Code  Gb  long.o [4]
?smod16_y_x_y           0x008de5         Code  Gb  short.o [4]
?smod32_l1_l0_l1        0x0084ca         Code  Gb  long.o [4]
?smod8_a_b0_a           0x008d04         Code  Gb  char.o [4]
?srl8_a_a_5             0x008d18         Code  Gb  char.o [4]
?sub32_l0_l0_0x         0x0083c4         Code  Gb  long.o [4]
?sub32_l0_l0_l1         0x0083c1         Code  Gb  long.o [4]
?udiv32_l0_l0_l1        0x00845a         Code  Gb  long.o [4]
?umod32_l1_l0_l1        0x00845a         Code  Gb  long.o [4]
?w0                     0x000000         Data  Gb  vregs.o [4]
?w1                     0x000002         Data  Gb  vregs.o [4]
?w2                     0x000004         Data  Gb  vregs.o [4]
?w3                     0x000006         Data  Gb  vregs.o [4]
?w4                     0x000008         Data  Gb  vregs.o [4]
?w5                     0x00000a         Data  Gb  vregs.o [4]
?w6                     0x00000c         Data  Gb  vregs.o [4]
?w7                     0x00000e         Data  Gb  vregs.o [4]
?xor32_l0_l0_0x         0x00853f         Code  Gb  long.o [4]
ADC_pin_automat         0x008fbb    0xd  Code  Gb  ADC_HX711.o [1]
ADC_pin_init            0x008e69   0x23  Code  Gb  ADC_HX711.o [1]
ADC_pin_manual          0x008fae    0xd  Code  Gb  ADC_HX711.o [1]
CLK_PCKENR1             0x0050c7    0x1  Data  Gb  Init_stm.o [1]
CSTACK$$Base            0x000300          --   Gb  - Linker created -
CSTACK$$Limit           0x000400          --   Gb  - Linker created -
DS18B20_flag            0x00005b    0x1  Data  Gb  DS18B20.o [1]
EXTI2_Handler           0x008d1d   0x2e  Code  Gb  ADC_HX711.o [1]
INTVEC$$Base            0x008000          --   Gb  - Linker created -
INTVEC$$Limit           0x008080          --   Gb  - Linker created -
Region$$Table$$Base     0x008e8c          --   Gb  - Linker created -
Region$$Table$$Limit    0x008e9e          --   Gb  - Linker created -
SPI_DR                  0x005204    0x1  Data  Gb  ADC_HX711.o [1]
SPI_RXNE_Handler        0x0089d3   0x7e  Code  Gb  ADC_HX711.o [1]
TIM1_ARRH               0x005262    0x1  Data  Gb  Init_stm.o [1]
TIM1_ARRL               0x005263    0x1  Data  Gb  Init_stm.o [1]
TIM1_OVR_UIF_Handler    0x008aab   0x55  Code  Gb  main.o [1]
TIM1_PSCRH              0x005260    0x1  Data  Gb  Init_stm.o [1]
TIM1_PSCRL              0x005261    0x1  Data  Gb  Init_stm.o [1]
TIM2_ARRH               0x00530f    0x1  Data  Gb  main.o [1]
TIM2_ARRL               0x005310    0x1  Data  Gb  main.o [1]
TIM2_CNTRH              0x00530c    0x1  Data  Gb  main.o [1]
TIM2_CNTRL              0x00530d    0x1  Data  Gb  main.o [1]
TIM2_OVR_UIF_Handler    0x008a51   0x5a  Code  Gb  main.o [1]
UART1_BRR1              0x005232    0x1  Data  Gb  Uart.o [1]
UART1_BRR2              0x005233    0x1  Data  Gb  Uart.o [1]
UART1_DR                0x005231    0x1  Data  Gb  Uart.o [1]
UART1_R_RXNE_Handler    0x008c32   0x48  Code  Gb  Uart.o [1]
UART1_T_TXE_Handler     0x008df5   0x28  Code  Gb  Uart.o [1]
_A_BEEP_CSR             0x0050f3    0x1  Data  Gb  Init_stm.o [1]
_A_CLK_CKDIVR           0x0050c6    0x1  Data  Gb  Init_stm.o [1]
_A_EXTI_CR1             0x0050a0    0x1  Data  Gb  ADC_HX711.o [1]
_A_PC_CR1               0x00500d    0x1  Data  Gb  Init_stm.o [1]
_A_PC_CR2               0x00500e    0x1  Data  Gb  Init_stm.o [1]
_A_PC_DDR               0x00500c    0x1  Data  Gb  Init_stm.o [1]
_A_PC_IDR               0x00500b    0x1  Data  Gb  main.o [1]
_A_PC_ODR               0x00500a    0x1  Data  Gb  main.o [1]
_A_PD_CR1               0x005012    0x1  Data  Gb  Uart.o [1]
_A_PD_CR2               0x005013    0x1  Data  Gb  Init_stm.o [1]
_A_PD_DDR               0x005011    0x1  Data  Gb  Uart.o [1]
_A_PD_IDR               0x005010    0x1  Data  Gb  DS18B20.o [1]
_A_PD_ODR               0x00500f    0x1  Data  Gb  main.o [1]
_A_SPI_CR1              0x005200    0x1  Data  Gb  ADC_HX711.o [1]
_A_SPI_CR2              0x005201    0x1  Data  Gb  ADC_HX711.o [1]
_A_SPI_ICR              0x005202    0x1  Data  Gb  ADC_HX711.o [1]
_A_SPI_SR               0x005203    0x1  Data  Gb  ADC_HX711.o [1]
_A_TIM1_CR1             0x005250    0x1  Data  Gb  Init_stm.o [1]
_A_TIM1_IER             0x005254    0x1  Data  Gb  Init_stm.o [1]
_A_TIM1_SR1             0x005255    0x1  Data  Gb  main.o [1]
_A_TIM2_CR1             0x005300    0x1  Data  Gb  Init_stm.o [1]
_A_TIM2_IER             0x005303    0x1  Data  Gb  main.o [1]
_A_TIM2_PSCR            0x00530e    0x1  Data  Gb  Init_stm.o [1]
_A_TIM2_SR1             0x005304    0x1  Data  Gb  main.o [1]
_A_UART1_CR2            0x005235    0x1  Data  Gb  Uart.o [1]
_A_UART1_SR             0x005230    0x1  Data  Gb  Uart.o [1]
__DebugBreak            0x009033    0x1  Code  Gb  __dbg_break.o [3]
__exit                  0x008f87   0x14  Code  Gb  __dbg_xxexit.o [3]
__iar_copy_init2        0x008e1d         Code  Gb  init_small.o [4]
__iar_data_init2        0x008f73   0x14  Code  Gb  init.o [4]
__iar_program_start     0x008f9b         Code  Gb  cstartup.o [4]
__iar_unhandled_exception
                        0x009030         Code  Gb  unhandled_exception.o [4]
__iar_zero_init2        0x008e9e         Code  Gb  init_small.o [4]
__intvec                0x008000         Data  Gb  interrupt.o [4]
__low_level_init        0x00902a    0x3  Code  Gb  low_level_init.o [4]
_exit                   0x009022         Code  Gb  cexit.o [4]
_interrupt_12           0x0089d3         Code  Gb  ADC_HX711.o [1]
_interrupt_13           0x008aab         Code  Gb  main.o [1]
_interrupt_15           0x008a51         Code  Gb  main.o [1]
_interrupt_19           0x008df5         Code  Gb  Uart.o [1]
_interrupt_20           0x008c32         Code  Gb  Uart.o [1]
_interrupt_7            0x008d1d         Code  Gb  ADC_HX711.o [1]
abs                     0x008ffb    0xb  Code  Gb  abs.o [4]
adc_flag                0x000059    0x1  Data  Gb  ADC_HX711.o [1]
adc_new_value           0x000046    0x4  Data  Gb  ADC_HX711.o [1]
adc_set_pulse           0x008c7a   0x39  Code  Gb  main.o [1]
adc_value               0x000042    0x4  Data  Gb  ADC_HX711.o [1]
beep_init               0x008ef6   0x1d  Code  Gb  Init_stm.o [1]
beep_set                0x008fd5    0xd  Code  Gb  Init_stm.o [1]
cal_coef                0x000014    0x4  Data  Gb  ADC_HX711.o [1]
check_beep              0x008897   0xaa  Code  Gb  main.o [1]
count_buzer             0x00005c    0x1  Data  Gb  main.o [1]
deinit_SPI              0x009019    0x9  Code  Gb  ADC_HX711.o [1]
delay_ms                0x008f13   0x1b  Code  Gb  main.o [1]
delay_ms_t              0x000052    0x4  Data  Gb  main.o [1]
exit                    0x00902d    0x3  Code  Gb  exit.o [4]
flag                    0x00005e    0x1  Data  Gb  main.o [1]
init_DS18B20_pin        0x008ebc   0x1d  Code  Gb  DS18B20.o [1]
init_SPI                0x009010    0x9  Code  Gb  ADC_HX711.o [1]
init_SPI_first          0x008f47   0x17  Code  Gb  ADC_HX711.o [1]
init_gpio               0x008ed9   0x1d  Code  Gb  Init_stm.o [1]
init_rcc                0x008fc8    0xd  Code  Gb  Init_stm.o [1]
init_sensor_DS18B20     0x008cb3   0x37  Code  Gb  DS18B20.o [1]
init_tim1               0x008f2e   0x19  Code  Gb  Init_stm.o [1]
init_tim2               0x008f5e   0x15  Code  Gb  Init_stm.o [1]
init_uarts              0x008da3   0x29  Code  Gb  Uart.o [1]
main                    0x008573  0x162  Code  Gb  main.o [1]
map                     0x008b9e   0x4b  Code  Gb  main.o [1]
massa                   0x00004a    0x4  Data  Gb  ADC_HX711.o [1]
massa_display           0x008d4b   0x2c  Code  Gb  ADC_HX711.o [1]
massa_int               0x00004e    0x4  Data  Gb  ADC_HX711.o [1]
new_kalib_koef          0x008e45   0x24  Code  Gb  ADC_HX711.o [1]
read_DS18B20            0x008b52   0x4c  Code  Gb  DS18B20.o [1]
read_temp               0x008997   0x2f  Code  Gb  DS18B20.o [1]
rx_count                0x00005f    0x1  Data  Gb  Uart.o [1]
set_buzer               0x008be9   0x49  Code  Gb  main.o [1]
set_poz_bit             0x000058    0x1  Data  Gb  ADC_HX711.o [1]
start_conversion        0x0089c6    0xd  Code  Gb  DS18B20.o [1]
temperature             0x00005a    0x1  Data  Gb  DS18B20.o [1]
tim_to_transmit         0x00005d    0x1  Data  Gb  main.o [1]
tim_to_update_ds18b20   0x000056    0x2  Data  Gb  main.o [1]
transmit_uart           0x0087c7   0xd0  Code  Gb  main.o [1]
tx_count                0x000060    0x1  Data  Gb  Uart.o [1]
tx_count_send           0x000061    0x1  Data  Gb  Uart.o [1]
uart_flag               0x000062    0x1  Data  Gb  Uart.o [1]
uart_rx_buf             0x00001a   0x14  Data  Gb  Uart.o [1]
uart_transmit_data      0x008d77   0x2c  Code  Gb  Uart.o [1]
uart_tx_buf             0x00002e   0x14  Data  Gb  Uart.o [1]
weight_push             0x000018    0x2  Data  Gb  main.o [1]
write_DS18B20           0x008941   0x56  Code  Gb  DS18B20.o [1]
zero_adc                0x000010    0x4  Data  Gb  ADC_HX711.o [1]
zero_set                0x008fef    0xc  Code  Gb  ADC_HX711.o [1]


[1] = C:\Users\RSolovyov\Documents\Iar_prjct\ADC_HX711_STM8\Debug\Obj
[2] = command line
[3] = dbgstm8smd.a
[4] = dlstm8smn.a

  3 992 bytes of readonly  code memory
    156 bytes of readonly  data memory
    355 bytes of readwrite data memory (+ 39 absolute)

Errors: none
Warnings: none
